Component: ARM Compiler 5.06 update 7 (build 960) Tool: armlink [4d3601]

==============================================================================

Section Cross References

    system_gd32c10x.o(.text) refers to gd32c10x_misc.o(.text) for nvic_vector_table_set
    system_gd32c10x.o(.text) refers to system_gd32c10x.o(.data) for SystemCoreClock
    startup_gd32c10x.o(RESET) refers to startup_gd32c10x.o(STACK) for __initial_sp
    startup_gd32c10x.o(RESET) refers to startup_gd32c10x.o(.text) for Reset_Handler
    startup_gd32c10x.o(RESET) refers to gd32c10x_it.o(.text) for NMI_Handler
    startup_gd32c10x.o(RESET) refers to port.o(.emb_text) for SVC_Handler
    startup_gd32c10x.o(RESET) refers to port.o(.text) for SysTick_Handler
    startup_gd32c10x.o(RESET) refers to nvic.o(.text) for DMA0_Channel0_IRQHandler
    startup_gd32c10x.o(.text) refers to system_gd32c10x.o(.text) for SystemInit
    startup_gd32c10x.o(.text) refers to entry.o(.ARM.Collect$$$$00000000) for __main
    main.o(.text) refers to usart.o(.text) for uart_read_u16_be
    main.o(.text) refers to power.o(.text) for Power_SendAck
    main.o(.text) refers to power_eeprom.o(.text) for Power_EepromSave
    main.o(.text) refers to gd32c10x_gpio.o(.text) for gpio_bit_reset
    main.o(.text) refers to gpio.o(.text) for GPIO_TogglePin
    main.o(.text) refers to tasks.o(.text) for vTaskDelay
    main.o(.text) refers to power.o(.data) for power_self_check_type
    main.o(.text) refers to port.o(.text) for vPortEnterCritical
    main.o(.text) refers to delay.o(.text) for delay_init
    main.o(.text) refers to dma.o(.text) for MYDMA_Config
    main.o(.text) refers to adc.o(.text) for Adc_Init
    main.o(.text) refers to timer.o(.text) for TIM2_init_all
    main.o(.text) refers to nvic.o(.text) for NVIC_init_all
    main.o(.text) refers to queue.o(.text) for xQueueGenericCreate
    main.o(.text) refers to gd32c10x_usart.o(.text) for usart_flag_get
    main.o(.text) refers to main.o(.bss) for raw_buff
    main.o(.text) refers to main.o(.data) for ADCTask_Handler
    systick.o(.text) refers to system_gd32c10x.o(.data) for SystemCoreClock
    systick.o(.text) refers to systick.o(.data) for delay
    power.o(.text) refers to usart.o(.text) for uart_get_rx_byte
    power.o(.text) refers to power_eeprom.o(.text) for Power_EepromSetWorkHour
    power.o(.text) refers to gd32c10x_gpio.o(.text) for gpio_bit_reset
    power.o(.text) refers to adc.o(.text) for compute_Voltage
    power.o(.text) refers to power.o(.data) for power_slave_f28v_u
    power.o(.text) refers to power.o(.bss) for rx_buf
    power.o(.text) refers to adc.o(.bss) for Average_filter
    power.o(.text) refers to main.o(.data) for wendu
    power.o(.text) refers to memseta.o(.text) for __aeabi_memclr4
    power.o(.text) refers to printfa.o(i.__0printf) for __2printf
    power.o(.text) refers to dfltui.o(.text) for __aeabi_ui2d
    power.o(.text) refers to ddiv.o(.text) for __aeabi_ddiv
    power.o(.text) refers to power.o(.constdata) for ntc_sparse_table
    power_eeprom.o(.text) refers to memseta.o(.text) for __aeabi_memclr
    power_eeprom.o(.text) refers to 24cxx.o(.text) for AT24CXX_Write
    power_eeprom.o(.text) refers to memcpya.o(.text) for __aeabi_memcpy
    power_eeprom.o(.text) refers to power_eeprom.o(.constdata) for power_eeprom_default_board
    power_eeprom.o(.text) refers to power_eeprom.o(.data) for power_eeprom_ready
    power_eeprom.o(.text) refers to power_eeprom.o(.bss) for power_eeprom_cache
    gd32c10x_adc.o(.text) refers to gd32c10x_rcu.o(.text) for rcu_periph_reset_enable
    gd32c10x_bkp.o(.text) refers to gd32c10x_rcu.o(.text) for rcu_bkp_reset_enable
    gd32c10x_ctc.o(.text) refers to gd32c10x_rcu.o(.text) for rcu_periph_reset_enable
    gd32c10x_gpio.o(.text) refers to gd32c10x_rcu.o(.text) for rcu_periph_reset_enable
    gd32c10x_pmu.o(.text) refers to gd32c10x_rcu.o(.text) for rcu_periph_reset_enable
    gd32c10x_pmu.o(.text) refers to gd32c10x_pmu.o(.bss) for reg_snap
    gd32c10x_timer.o(.text) refers to gd32c10x_rcu.o(.text) for rcu_periph_reset_enable
    gd32c10x_usart.o(.text) refers to gd32c10x_rcu.o(.text) for rcu_periph_reset_enable
    usart.o(.text) refers to gd32c10x_rcu.o(.text) for rcu_periph_clock_enable
    usart.o(.text) refers to gd32c10x_gpio.o(.text) for gpio_init
    usart.o(.text) refers to gd32c10x_usart.o(.text) for usart_deinit
    usart.o(.text) refers to memcpya.o(.text) for __aeabi_memcpy
    usart.o(.text) refers to usart.o(.data) for uart_protocol_tx_busy
    usart.o(.text) refers to usart.o(.bss) for USART_RX_BUF
    usart.o(.text) refers to delay.o(.text) for delay_ms
    usart.o(.text) refers to gd32c10x_dma.o(.text) for dma_channel_disable
    delay.o(.text) refers to gd32c10x_misc.o(.text) for systick_clksource_set
    delay.o(.text) refers to system_gd32c10x.o(.data) for SystemCoreClock
    delay.o(.text) refers to delay.o(.data) for fac_us
    iic.o(.text) refers to gd32c10x_rcu.o(.text) for rcu_periph_clock_enable
[...]
    i._printf_post_padding                   0x0800ac8c   Section        0  printfa.o(i._printf_post_padding)
    _printf_post_padding                     0x0800ac8d   Thumb Code    36  printfa.o(i._printf_post_padding)
    i._printf_pre_padding                    0x0800acb0   Section        0  printfa.o(i._printf_pre_padding)
    _printf_pre_padding                      0x0800acb1   Thumb Code    46  printfa.o(i._printf_pre_padding)
    i._sputc                                 0x0800acde   Section        0  printfa.o(i._sputc)
    _sputc                                   0x0800acdf   Thumb Code    10  printfa.o(i._sputc)
    .constdata                               0x0800ace8   Section     2048  power.o(.constdata)
    ntc_sparse_table                         0x0800ace8   Data        2048  power.o(.constdata)
    .constdata                               0x0800b4e8   Section        9  power_eeprom.o(.constdata)
    power_eeprom_default_board               0x0800b4e8   Data           6  power_eeprom.o(.constdata)
    power_eeprom_default_mfg                 0x0800b4ee   Data           3  power_eeprom.o(.constdata)
    .data                                    0x20000000   Section        4  system_gd32c10x.o(.data)
    .data                                    0x20000004   Section       46  main.o(.data)
    .data                                    0x20000034   Section       86  power.o(.data)
    power_vin_u_max                          0x2000003e   Data           2  power.o(.data)
    power_vin_u_min                          0x20000040   Data           2  power.o(.data)
    power_12v_u_max                          0x20000042   Data           2  power.o(.data)
    power_12v_u_min                          0x20000044   Data           2  power.o(.data)
    power_28v_u_max                          0x20000046   Data           2  power.o(.data)
    power_28v_u_min                          0x20000048   Data           2  power.o(.data)
    power_f28v_u_max                         0x2000004a   Data           2  power.o(.data)
    power_f28v_u_min                         0x2000004c   Data           2  power.o(.data)
    power_vin_i_max                          0x2000004e   Data           2  power.o(.data)
    power_vin_i_min                          0x20000050   Data           2  power.o(.data)
    power_work_hour                          0x20000054   Data           4  power.o(.data)
    power_work_ms_cnt                        0x20000058   Data           4  power.o(.data)
    power_slave_rx_cnt                       0x20000070   Data           4  power.o(.data)
    fan_ctrl_state                           0x20000080   Data           1  power.o(.data)
    fan_ctrl_sec                             0x20000084   Data           4  power.o(.data)
    fan_temp_low_first                       0x20000088   Data           1  power.o(.data)
    rx_cnt                                   0x20000089   Data           1  power.o(.data)
    .data                                    0x2000008a   Section        1  power_eeprom.o(.data)
    power_eeprom_ready                       0x2000008a   Data           1  power_eeprom.o(.data)
    .data                                    0x2000008c   Section       16  usart.o(.data)
    uart_protocol_tx_busy                    0x2000008e   Data           1  usart.o(.data)
    uart_rx_head                             0x20000090   Data           2  usart.o(.data)
    uart_rx_tail                             0x20000092   Data           2  usart.o(.data)
    uart2_rx_frame_ready                     0x20000094   Data           1  usart.o(.data)
    uart2_rx_frame_len                       0x20000096   Data           2  usart.o(.data)
    rx_started                               0x20000098   Data           1  usart.o(.data)
    esc_flag                                 0x20000099   Data           1  usart.o(.data)
    rx_cnt                                   0x2000009a   Data           2  usart.o(.data)
    .data                                    0x2000009c   Section        1  delay.o(.data)
    fac_us                                   0x2000009c   Data           1  delay.o(.data)
    .data                                    0x200000a0   Section        8  timer.o(.data)
    .data                                    0x200000a8   Section        2  adc.o(.data)
    adc_i                                    0x200000a8   Data           1  adc.o(.data)
    adc_j                                    0x200000a9   Data           1  adc.o(.data)
    .data                                    0x200000ac   Section       72  tasks.o(.data)
    pxDelayedTaskList                        0x200000b0   Data           4  tasks.o(.data)
    pxOverflowDelayedTaskList                0x200000b4   Data           4  tasks.o(.data)
    uxDeletedTasksWaitingCleanUp             0x200000b8   Data           4  tasks.o(.data)
    uxCurrentNumberOfTasks                   0x200000bc   Data           4  tasks.o(.data)
    xTickCount                               0x200000c0   Data           4  tasks.o(.data)
    uxTopReadyPriority                       0x200000c4   Data           4  tasks.o(.data)
    xSchedulerRunning                        0x200000c8   Data           4  tasks.o(.data)
    xPendedTicks                             0x200000cc   Data           4  tasks.o(.data)
    xYieldPending                            0x200000d0   Data           4  tasks.o(.data)
    xNumOfOverflows                          0x200000d4   Data           4  tasks.o(.data)
    uxTaskNumber                             0x200000d8   Data           4  tasks.o(.data)
    xNextTaskUnblockTime                     0x200000dc   Data           4  tasks.o(.data)
    xIdleTaskHandle                          0x200000e0   Data           4  tasks.o(.data)
    uxSchedulerSuspended                     0x200000e8   Data           4  tasks.o(.data)
    ulTaskSwitchedInTime                     0x200000ec   Data           4  tasks.o(.data)
    ulTotalRunTime                           0x200000f0   Data           4  tasks.o(.data)
    .data                                    0x200000f4   Section       20  timers.o(.data)
    pxCurrentTimerList                       0x200000f4   Data           4  timers.o(.data)
    pxOverflowTimerList                      0x200000f8   Data           4  timers.o(.data)
    xTimerQueue                              0x200000fc   Data           4  timers.o(.data)
    xTimerTaskHandle                         0x20000100   Data           4  timers.o(.data)
    xLastTime                                0x20000104   Data           4  timers.o(.data)
    .data                                    0x20000108   Section       12  port.o(.data)
    uxCriticalNesting                        0x20000108   Data           4  port.o(.data)
    ucMaxSysCallPriority                     0x2000010c   Data           1  port.o(.data)
    ulMaxPRIGROUPValue                       0x20000110   Data           4  port.o(.data)
    .data                                    0x20000114   Section       28  heap_4.o(.data)
    xStart                                   0x20000114   Data           8  heap_4.o(.data)
    pxEnd                                    0x2000011c   Data           4  heap_4.o(.data)
    xFreeBytesRemaining                      0x20000120   Data           4  heap_4.o(.data)
    xMinimumEverFreeBytesRemaining           0x20000124   Data           4  heap_4.o(.data)
    xNumberOfSuccessfulAllocations           0x20000128   Data           4  heap_4.o(.data)
    xNumberOfSuccessfulFrees                 0x2000012c   Data           4  heap_4.o(.data)
    .data                                    0x20000130   Section        4  stdout.o(.data)
    .bss                                     0x20000134   Section     2128  main.o(.bss)
    raw_buff                                 0x20000134   Data        1064  main.o(.bss)
    frame_buff                               0x2000055c   Data        1064  main.o(.bss)
    .bss                                     0x20000984   Section       35  power.o(.bss)
    rx_buf                                   0x20000992   Data          21  power.o(.bss)
    .bss                                     0x200009a8   Section       18  power_eeprom.o(.bss)
    power_eeprom_cache                       0x200009a8   Data          18  power_eeprom.o(.bss)
    .bss                                     0x200009ba   Section     3500  usart.o(.bss)
    uart_slip_tx_buff                        0x20000e52   Data         196  usart.o(.bss)
    uart2_rx_frame_buf                       0x20000f16   Data        1064  usart.o(.bss)
    rx_work_buf                              0x2000133e   Data        1064  usart.o(.bss)
    .bss                                     0x20001768   Section     2184  adc.o(.bss)
    .bss                                     0x20001ff0   Section       64  queue.o(.bss)
    .bss                                     0x20002030   Section      720  tasks.o(.bss)
    pxReadyTasksLists                        0x20002030   Data         620  tasks.o(.bss)
    xDelayedTaskList1                        0x2000229c   Data          20  tasks.o(.bss)
    xDelayedTaskList2                        0x200022b0   Data          20  tasks.o(.bss)
    xPendingReadyList                        0x200022c4   Data          20  tasks.o(.bss)
    xTasksWaitingTermination                 0x200022d8   Data          20  tasks.o(.bss)
    xSuspendedTaskList                       0x200022ec   Data          20  tasks.o(.bss)
    .bss                                     0x20002300   Section       40  timers.o(.bss)
    xActiveTimerList1                        0x20002300   Data          20  timers.o(.bss)
    xActiveTimerList2                        0x20002314   Data          20  timers.o(.bss)
    .bss                                     0x20002328   Section    15360  heap_4.o(.bss)
    ucHeap                                   0x20002328   Data       15360  heap_4.o(.bss)
    STACK                                    0x20005f28   Section     8192  startup_gd32c10x.o(STACK)

    Global Symbols

    Symbol Name                              Value     Ov Type        Size  Object(Section)

    BuildAttributes$$THM_ISAv4$E$P$D$K$B$S$7EM$VFPi3$EXTD16$VFPS$VFMA$PE$A:L22UL41UL21$X:L11$S22US41US21$IEEE1$IW$USESV6$~STKCKD$USESV7$~SHL$OSPACE$ROPI$EBA8$MICROLIB$REQ8$PRES8$EABIv2 0x00000000   Number         0  anon$$obj.o ABSOLUTE
    __ARM_use_no_argv                        0x00000000   Number         0  main.o ABSOLUTE
    _printf_a                                0x00000000   Number         0  stubs.o ABSOLUTE
    _printf_c                                0x00000000   Number         0  stubs.o ABSOLUTE
    _printf_charcount                        0x00000000   Number         0  stubs.o ABSOLUTE
    _printf_d                                0x00000000   Number         0  stubs.o ABSOLUTE
    _printf_e                                0x00000000   Number         0  stubs.o ABSOLUTE
    _printf_f                                0x00000000   Number         0  stubs.o ABSOLUTE
    _printf_flags                            0x00000000   Number         0  stubs.o ABSOLUTE
    _printf_fp_dec                           0x00000000   Number         0  stubs.o ABSOLUTE
    _printf_fp_hex                           0x00000000   Number         0  stubs.o ABSOLUTE
    _printf_g                                0x00000000   Number         0  stubs.o ABSOLUTE
    _printf_i                                0x00000000   Number         0  stubs.o ABSOLUTE
    _printf_int_dec                          0x00000000   Number         0  stubs.o ABSOLUTE
    _printf_l                                0x00000000   Number         0  stubs.o ABSOLUTE
    _printf_lc                               0x00000000   Number         0  stubs.o ABSOLUTE
    _printf_ll                               0x00000000   Number         0  stubs.o ABSOLUTE
    _printf_lld                              0x00000000   Number         0  stubs.o ABSOLUTE
    _printf_lli                              0x00000000   Number         0  stubs.o ABSOLUTE
    _printf_llo                              0x00000000   Number         0  stubs.o ABSOLUTE
    _printf_llu                              0x00000000   Number         0  stubs.o ABSOLUTE
    _printf_llx                              0x00000000   Number         0  stubs.o ABSOLUTE
    _printf_longlong_dec                     0x00000000   Number         0  stubs.o ABSOLUTE
    _printf_longlong_hex                     0x00000000   Number         0  stubs.o ABSOLUTE
    _printf_longlong_oct                     0x00000000   Number         0  stubs.o ABSOLUTE
    _printf_ls                               0x00000000   Number         0  stubs.o ABSOLUTE
    _printf_mbtowc                           0x00000000   Number         0  stubs.o ABSOLUTE
    _printf_n                                0x00000000   Number         0  stubs.o ABSOLUTE
    _printf_o                                0x00000000   Number         0  stubs.o ABSOLUTE
    _printf_p                                0x00000000   Number         0  stubs.o ABSOLUTE
    _printf_percent                          0x00000000   Number         0  stubs.o ABSOLUTE
    _printf_pre_padding                      0x00000000   Number         0  stubs.o ABSOLUTE
    _printf_return_value                     0x00000000   Number         0  stubs.o ABSOLUTE
    _printf_s                                0x00000000   Number         0  stubs.o ABSOLUTE
    _printf_sizespec                         0x00000000   Number         0  stubs.o ABSOLUTE
    _printf_str                              0x00000000   Number         0  stubs.o ABSOLUTE
    _printf_truncate_signed                  0x00000000   Number         0  stubs.o ABSOLUTE
    _printf_truncate_unsigned                0x00000000   Number         0  stubs.o ABSOLUTE
    _printf_u                                0x00000000   Number         0  stubs.o ABSOLUTE
    _printf_wc                               0x00000000   Number         0  stubs.o ABSOLUTE
    _printf_wctomb                           0x00000000   Number         0  stubs.o ABSOLUTE
    _printf_widthprec                        0x00000000   Number         0  stubs.o ABSOLUTE
    _printf_x                                0x00000000   Number         0  stubs.o ABSOLUTE
    __arm_fini_                               - Undefined Weak Reference
    __cpp_initialize__aeabi_                  - Undefined Weak Reference
    __cxa_finalize                            - Undefined Weak Reference
    _clock_init                               - Undefined Weak Reference
    _microlib_exit                            - Undefined Weak Reference
    __Vectors_Size                           0x00000150   Number         0  startup_gd32c10x.o ABSOLUTE
    __Vectors                                0x08000000   Data           4  startup_gd32c10x.o(RESET)
    __Vectors_End                            0x08000150   Data           0  startup_gd32c10x.o(RESET)
    __main                                   0x08000151   Thumb Code     0  entry.o(.ARM.Collect$$$$00000000)
    _main_stk                                0x08000151   Thumb Code     0  entry2.o(.ARM.Collect$$$$00000001)
    _main_scatterload                        0x08000155   Thumb Code     0  entry5.o(.ARM.Collect$$$$00000004)
    __main_after_scatterload                 0x08000159   Thumb Code     0  entry5.o(.ARM.Collect$$$$00000004)
    _main_clock                              0x08000159   Thumb Code     0  entry7b.o(.ARM.Collect$$$$00000008)
    _main_cpp_init                           0x08000159   Thumb Code     0  entry8b.o(.ARM.Collect$$$$0000000A)
    _main_init                               0x08000159   Thumb Code     0  entry9a.o(.ARM.Collect$$$$0000000B)
    __rt_lib_shutdown_fini                   0x08000161   Thumb Code     0  entry12b.o(.ARM.Collect$$$$0000000E)
    __rt_final_cpp                           0x08000165   Thumb Code     0  entry10a.o(.ARM.Collect$$$$0000000F)
    __rt_final_exit                          0x08000165   Thumb Code     0  entry11a.o(.ARM.Collect$$$$00000011)
    SVC_Handler                              0x08000169   Thumb Code    28  port.o(.emb_text)
    __asm___6_port_c_39a90d8d__prvStartFirstTask 0x08000189   Thumb Code    36  port.o(.emb_text)
    __asm___6_port_c_39a90d8d__prvEnableVFP  0x080001b1   Thumb Code    16  port.o(.emb_text)
    PendSV_Handler                           0x080001c5   Thumb Code    88  port.o(.emb_text)
    vPortGetIPSR                             0x08000221   Thumb Code     6  port.o(.emb_text)
    SystemInit                               0x080002df   Thumb Code   166  system_gd32c10x.o(.text)
    SystemCoreClockUpdate                    0x08000385   Thumb Code   374  system_gd32c10x.o(.text)
    Reset_Handler                            0x08000535   Thumb Code     8  startup_gd32c10x.o(.text)
    MemManage_Handler                        0x08000541   Thumb Code     2  startup_gd32c10x.o(.text)
    ADC0_1_IRQHandler                        0x0800054f   Thumb Code     0  startup_gd32c10x.o(.text)
    CAN0_EWMC_IRQHandler                     0x0800054f   Thumb Code     0  startup_gd32c10x.o(.text)
    CAN0_RX0_IRQHandler                      0x0800054f   Thumb Code     0  startup_gd32c10x.o(.text)
    CAN0_RX1_IRQHandler                      0x0800054f   Thumb Code     0  startup_gd32c10x.o(.text)
    CAN0_TX_IRQHandler                       0x0800054f   Thumb Code     0  startup_gd32c10x.o(.text)
    CAN1_EWMC_IRQHandler                     0x0800054f   Thumb Code     0  startup_gd32c10x.o(.text)
    CAN1_RX0_IRQHandler                      0x0800054f   Thumb Code     0  startup_gd32c10x.o(.text)
    CAN1_RX1_IRQHandler                      0x0800054f   Thumb Code     0  startup_gd32c10x.o(.text)
    CAN1_TX_IRQHandler                       0x0800054f   Thumb Code     0  startup_gd32c10x.o(.text)
    DMA0_Channel2_IRQHandler                 0x0800054f   Thumb Code     0  startup_gd32c10x.o(.text)
    DMA0_Channel3_IRQHandler                 0x0800054f   Thumb Code     0  startup_gd32c10x.o(.text)
    DMA0_Channel4_IRQHandler                 0x0800054f   Thumb Code     0  startup_gd32c10x.o(.text)
    DMA0_Channel5_IRQHandler                 0x0800054f   Thumb Code     0  startup_gd32c10x.o(.text)
    DMA1_Channel0_IRQHandler                 0x0800054f   Thumb Code     0  startup_gd32c10x.o(.text)
    DMA1_Channel1_IRQHandler                 0x0800054f   Thumb Code     0  startup_gd32c10x.o(.text)
    DMA1_Channel2_IRQHandler                 0x0800054f   Thumb Code     0  startup_gd32c10x.o(.text)
    DMA1_Channel3_IRQHandler                 0x0800054f   Thumb Code     0  startup_gd32c10x.o(.text)
    DMA1_Channel4_IRQHandler                 0x0800054f   Thumb Code     0  startup_gd32c10x.o(.text)
    EXMC_IRQHandler                          0x0800054f   Thumb Code     0  startup_gd32c10x.o(.text)
    EXTI0_IRQHandler                         0x0800054f   Thumb Code     0  startup_gd32c10x.o(.text)
    EXTI10_15_IRQHandler                     0x0800054f   Thumb Code     0  startup_gd32c10x.o(.text)
    EXTI1_IRQHandler                         0x0800054f   Thumb Code     0  startup_gd32c10x.o(.text)
    EXTI2_IRQHandler                         0x0800054f   Thumb Code     0  startup_gd32c10x.o(.text)
    EXTI3_IRQHandler                         0x0800054f   Thumb Code     0  startup_gd32c10x.o(.text)
    EXTI4_IRQHandler                         0x0800054f   Thumb Code     0  startup_gd32c10x.o(.text)
    EXTI5_9_IRQHandler                       0x0800054f   Thumb Code     0  startup_gd32c10x.o(.text)
    FMC_IRQHandler                           0x0800054f   Thumb Code     0  startup_gd32c10x.o(.text)
    I2C0_ER_IRQHandler                       0x0800054f   Thumb Code     0  startup_gd32c10x.o(.text)
    I2C0_EV_IRQHandler                       0x0800054f   Thumb Code     0  startup_gd32c10x.o(.text)
    I2C1_ER_IRQHandler                       0x0800054f   Thumb Code     0  startup_gd32c10x.o(.text)
    I2C1_EV_IRQHandler                       0x0800054f   Thumb Code     0  startup_gd32c10x.o(.text)
    LVD_IRQHandler                           0x0800054f   Thumb Code     0  startup_gd32c10x.o(.text)
    RCU_CTC_IRQHandler                       0x0800054f   Thumb Code     0  startup_gd32c10x.o(.text)
    RTC_Alarm_IRQHandler                     0x0800054f   Thumb Code     0  startup_gd32c10x.o(.text)
    RTC_IRQHandler                           0x0800054f   Thumb Code     0  startup_gd32c10x.o(.text)
    SPI0_IRQHandler                          0x0800054f   Thumb Code     0  startup_gd32c10x.o(.text)
    SPI1_IRQHandler                          0x0800054f   Thumb Code     0  startup_gd32c10x.o(.text)
    SPI2_IRQHandler                          0x0800054f   Thumb Code     0  startup_gd32c10x.o(.text)
    TAMPER_IRQHandler                        0x0800054f   Thumb Code     0  startup_gd32c10x.o(.text)
    TIMER0_BRK_TIMER8_IRQHandler             0x0800054f   Thumb Code     0  startup_gd32c10x.o(.text)
    TIMER0_Channel_IRQHandler                0x0800054f   Thumb Code     0  startup_gd32c10x.o(.text)
    TIMER0_TRG_CMT_TIMER10_IRQHandler        0x0800054f   Thumb Code     0  startup_gd32c10x.o(.text)
    TIMER0_UP_TIMER9_IRQHandler              0x0800054f   Thumb Code     0  startup_gd32c10x.o(.text)
    TIMER1_IRQHandler                        0x0800054f   Thumb Code     0  startup_gd32c10x.o(.text)
    TIMER2_IRQHandler                        0x0800054f   Thumb Code     0  startup_gd32c10x.o(.text)
    TIMER4_IRQHandler                        0x0800054f   Thumb Code     0  startup_gd32c10x.o(.text)
    TIMER5_IRQHandler                        0x0800054f   Thumb Code     0  startup_gd32c10x.o(.text)
    TIMER6_IRQHandler                        0x0800054f   Thumb Code     0  startup_gd32c10x.o(.text)
    TIMER7_BRK_TIMER11_IRQHandler            0x0800054f   Thumb Code     0  startup_gd32c10x.o(.text)
    TIMER7_Channel_IRQHandler                0x0800054f   Thumb Code     0  startup_gd32c10x.o(.text)
    TIMER7_TRG_CMT_TIMER13_IRQHandler        0x0800054f   Thumb Code     0  startup_gd32c10x.o(.text)
    TIMER7_UP_TIMER12_IRQHandler             0x0800054f   Thumb Code     0  startup_gd32c10x.o(.text)
    UART3_IRQHandler                         0x0800054f   Thumb Code     0  startup_gd32c10x.o(.text)
    UART4_IRQHandler                         0x0800054f   Thumb Code     0  startup_gd32c10x.o(.text)
    USART0_IRQHandler                        0x0800054f   Thumb Code     0  startup_gd32c10x.o(.text)
    USBFS_IRQHandler                         0x0800054f   Thumb Code     0  startup_gd32c10x.o(.text)
    USBFS_WKUP_IRQHandler                    0x0800054f   Thumb Code     0  startup_gd32c10x.o(.text)
    WWDGT_IRQHandler                         0x0800054f   Thumb Code     0  startup_gd32c10x.o(.text)
    NMI_Handler                              0x08000559   Thumb Code     2  gd32c10x_it.o(.text)
    HardFault_Handler                        0x0800055b   Thumb Code     4  gd32c10x_it.o(.text)
    BusFault_Handler                         0x0800055f   Thumb Code     4  gd32c10x_it.o(.text)
    UsageFault_Handler                       0x08000563   Thumb Code     4  gd32c10x_it.o(.text)
    DebugMon_Handler                         0x08000567   Thumb Code     2  gd32c10x_it.o(.text)
    LED_task                                 0x080009d7   Thumb Code   114  main.o(.text)
    StatusReport_task                        0x08000a49   Thumb Code    32  main.o(.text)
    USART_task                               0x08000a69   Thumb Code    84  main.o(.text)
    ADC_task                                 0x08000abd   Thumb Code    18  main.o(.text)
    start_task                               0x08000acf   Thumb Code   110  main.o(.text)
    SYS_Init                                 0x08000b3d   Thumb Code   112  main.o(.text)
    main                                     0x08000bad   Thumb Code    88  main.o(.text)
    fputc                                    0x08000c05   Thumb Code    18  main.o(.text)
    fgetc                                    0x08000c17   Thumb Code    26  main.o(.text)
    Power_ProcessSlaveUpload                 0x08000e0d   Thumb Code    24  power.o(.text)
    Power_SendSlaveControl                   0x08000e25   Thumb Code    74  power.o(.text)
    Power_ClearMaxMin                        0x08000e6f   Thumb Code    72  power.o(.text)
    Power_SetWorkHour                        0x08000eb7   Thumb Code    26  power.o(.text)
    Power_GetWorkHour                        0x08000ed1   Thumb Code     6  power.o(.text)
    Power_StatusReportTick                   0x08000ed7   Thumb Code    74  power.o(.text)
    Power_GetFaultOrWarnState                0x0800106d   Thumb Code    40  power.o(.text)
    Power_IsFaultOrWarn                      0x08001095   Thumb Code    16  power.o(.text)
    Power_SetFan                             0x080010a5   Thumb Code    44  power.o(.text)
    DATA_Convert                             0x080010d1   Thumb Code   254  power.o(.text)
    Power_SendAck                            0x080011cf   Thumb Code   104  power.o(.text)
    Power_SendSelfCheck                      0x08001237   Thumb Code   436  power.o(.text)
    Power_SendStatusReport                   0x080013eb   Thumb Code    12  power.o(.text)
    Power_SendUpdateDataAck                  0x080013f7   Thumb Code   138  power.o(.text)
    Power_SaveHostAck                        0x08001481   Thumb Code    26  power.o(.text)
    Power_SaveUpdateReportAck                0x0800149b   Thumb Code    24  power.o(.text)
    Power_SendUpdateReport                   0x080014b3   Thumb Code   138  power.o(.text)
    Power_FanEnterCmdMode                    0x0800155d   Thumb Code   124  power.o(.text)
    Power_FanAutoControlTick                 0x080015d9   Thumb Code   162  power.o(.text)
    Power_UpdateSRDD                         0x0800167b   Thumb Code    34  power.o(.text)
    test                                     0x0800169d   Thumb Code   386  power.o(.text)
    Power_EepromSave                         0x08001aa5   Thumb Code    32  power_eeprom.o(.text)
    Power_EepromLoad                         0x08001ac5   Thumb Code    64  power_eeprom.o(.text)
    Power_EepromInit                         0x08001b05   Thumb Code    28  power_eeprom.o(.text)
    Power_EepromGetWorkHour                  0x08001b21   Thumb Code    12  power_eeprom.o(.text)
    Power_EepromSetWorkHour                  0x08001b2d   Thumb Code    16  power_eeprom.o(.text)
    Power_EepromGetBoardId                   0x08001b3d   Thumb Code    12  power_eeprom.o(.text)
    Power_EepromGetMfgDate                   0x08001b49   Thumb Code    12  power_eeprom.o(.text)
    Power_EepromHandleSet                    0x08001b55   Thumb Code   116  power_eeprom.o(.text)
    Power_EepromHandleClear                  0x08001bc9   Thumb Code    84  power_eeprom.o(.text)
    adc_deinit                               0x08001c2d   Thumb Code    60  gd32c10x_adc.o(.text)
    adc_mode_config                          0x08001c69   Thumb Code    22  gd32c10x_adc.o(.text)
    adc_special_function_config              0x08001c7f   Thumb Code    90  gd32c10x_adc.o(.text)
    adc_data_alignment_config                0x08001cd9   Thumb Code    22  gd32c10x_adc.o(.text)
    adc_enable                               0x08001cef   Thumb Code    18  gd32c10x_adc.o(.text)
    adc_disable                              0x08001d01   Thumb Code    10  gd32c10x_adc.o(.text)
    adc_calibration_enable                   0x08001d0b   Thumb Code    42  gd32c10x_adc.o(.text)
    adc_tempsensor_vrefint_enable            0x08001d35   Thumb Code    18  gd32c10x_adc.o(.text)
    adc_tempsensor_vrefint_disable           0x08001d47   Thumb Code    18  gd32c10x_adc.o(.text)
    adc_resolution_config                    0x08001d59   Thumb Code    20  gd32c10x_adc.o(.text)
    adc_oversample_mode_config               0x08001d6d   Thumb Code    58  gd32c10x_adc.o(.text)
    adc_oversample_mode_enable               0x08001da7   Thumb Code    14  gd32c10x_adc.o(.text)
    adc_oversample_mode_disable              0x08001db5   Thumb Code    14  gd32c10x_adc.o(.text)
    adc_dma_mode_enable                      0x08001dc3   Thumb Code    10  gd32c10x_adc.o(.text)
    adc_dma_mode_disable                     0x08001dcd   Thumb Code    10  gd32c10x_adc.o(.text)
    adc_discontinuous_mode_config            0x08001dd7   Thumb Code    76  gd32c10x_adc.o(.text)
    adc_channel_length_config                0x08001e23   Thumb Code    70  gd32c10x_adc.o(.text)
    adc_regular_channel_config               0x08001e69   Thumb Code   172  gd32c10x_adc.o(.text)
    adc_inserted_channel_config              0x08001f15   Thumb Code   116  gd32c10x_adc.o(.text)
    adc_inserted_channel_offset_config       0x08001f89   Thumb Code    36  gd32c10x_adc.o(.text)
    adc_external_trigger_source_config       0x08001fad   Thumb Code    48  gd32c10x_adc.o(.text)
    adc_external_trigger_config              0x08001fdd   Thumb Code    72  gd32c10x_adc.o(.text)
    adc_software_trigger_enable              0x08002025   Thumb Code    30  gd32c10x_adc.o(.text)
    adc_regular_data_read                    0x08002043   Thumb Code     8  gd32c10x_adc.o(.text)
    adc_inserted_data_read                   0x0800204b   Thumb Code    46  gd32c10x_adc.o(.text)
    adc_sync_mode_convert_value_read         0x08002079   Thumb Code     6  gd32c10x_adc.o(.text)
    adc_watchdog_single_channel_enable       0x0800207f   Thumb Code    24  gd32c10x_adc.o(.text)
    adc_watchdog_group_channel_enable        0x08002097   Thumb Code    60  gd32c10x_adc.o(.text)
    adc_watchdog_disable                     0x080020d3   Thumb Code    10  gd32c10x_adc.o(.text)
    adc_watchdog_threshold_config            0x080020dd   Thumb Code    14  gd32c10x_adc.o(.text)
    adc_flag_get                             0x080020eb   Thumb Code    14  gd32c10x_adc.o(.text)
    adc_flag_clear                           0x080020f9   Thumb Code     8  gd32c10x_adc.o(.text)
    adc_regular_software_startconv_flag_get  0x08002101   Thumb Code    16  gd32c10x_adc.o(.text)
    adc_inserted_software_startconv_flag_get 0x08002111   Thumb Code    16  gd32c10x_adc.o(.text)
    adc_interrupt_flag_get                   0x08002121   Thumb Code    88  gd32c10x_adc.o(.text)
    adc_interrupt_flag_clear                 0x08002179   Thumb Code     8  gd32c10x_adc.o(.text)
    adc_interrupt_enable                     0x08002181   Thumb Code    44  gd32c10x_adc.o(.text)
    adc_interrupt_disable                    0x080021ad   Thumb Code    44  gd32c10x_adc.o(.text)
    dma_deinit                               0x080021f7   Thumb Code   112  gd32c10x_dma.o(.text)
    dma_struct_para_init                     0x08002267   Thumb Code    28  gd32c10x_dma.o(.text)
    dma_init                                 0x08002283   Thumb Code   302  gd32c10x_dma.o(.text)
    dma_circulation_enable                   0x080023b1   Thumb Code    50  gd32c10x_dma.o(.text)
    dma_circulation_disable                  0x080023e3   Thumb Code    50  gd32c10x_dma.o(.text)
    dma_memory_to_memory_enable              0x08002415   Thumb Code    50  gd32c10x_dma.o(.text)
    dma_memory_to_memory_disable             0x08002447   Thumb Code    50  gd32c10x_dma.o(.text)
    dma_channel_enable                       0x08002479   Thumb Code    50  gd32c10x_dma.o(.text)
    dma_channel_disable                      0x080024ab   Thumb Code    50  gd32c10x_dma.o(.text)
    dma_periph_address_config                0x080024dd   Thumb Code    36  gd32c10x_dma.o(.text)
    dma_memory_address_config                0x08002501   Thumb Code    36  gd32c10x_dma.o(.text)
    dma_transfer_number_config               0x08002525   Thumb Code    38  gd32c10x_dma.o(.text)
    dma_transfer_number_get                  0x0800254b   Thumb Code    34  gd32c10x_dma.o(.text)
    dma_priority_config                      0x0800256d   Thumb Code    58  gd32c10x_dma.o(.text)
    dma_memory_width_config                  0x080025a7   Thumb Code    62  gd32c10x_dma.o(.text)
    dma_periph_width_config                  0x080025e5   Thumb Code    58  gd32c10x_dma.o(.text)
    dma_memory_increase_enable               0x0800261f   Thumb Code    50  gd32c10x_dma.o(.text)
    dma_memory_increase_disable              0x08002651   Thumb Code    50  gd32c10x_dma.o(.text)
    dma_periph_increase_enable               0x08002683   Thumb Code    50  gd32c10x_dma.o(.text)
    dma_periph_increase_disable              0x080026b5   Thumb Code    50  gd32c10x_dma.o(.text)
    dma_transfer_direction_config            0x080026e7   Thumb Code    84  gd32c10x_dma.o(.text)
    dma_flag_get                             0x0800273b   Thumb Code    24  gd32c10x_dma.o(.text)
    dma_flag_clear                           0x08002753   Thumb Code    16  gd32c10x_dma.o(.text)
    dma_interrupt_flag_get                   0x08002763   Thumb Code   130  gd32c10x_dma.o(.text)
    dma_interrupt_flag_clear                 0x080027e5   Thumb Code    16  gd32c10x_dma.o(.text)
    dma_interrupt_enable                     0x080027f5   Thumb Code    50  gd32c10x_dma.o(.text)
    dma_interrupt_disable                    0x08002827   Thumb Code    50  gd32c10x_dma.o(.text)
    gpio_deinit                              0x08002859   Thumb Code   138  gd32c10x_gpio.o(.text)
    gpio_afio_deinit                         0x080028e3   Thumb Code    20  gd32c10x_gpio.o(.text)
    gpio_init                                0x080028f7   Thumb Code   188  gd32c10x_gpio.o(.text)
    gpio_bit_set                             0x080029b3   Thumb Code     4  gd32c10x_gpio.o(.text)
    gpio_bit_reset                           0x080029b7   Thumb Code     4  gd32c10x_gpio.o(.text)
    gpio_bit_write                           0x080029bb   Thumb Code    10  gd32c10x_gpio.o(.text)
    gpio_port_write                          0x080029c5   Thumb Code     4  gd32c10x_gpio.o(.text)
    gpio_input_bit_get                       0x080029c9   Thumb Code    16  gd32c10x_gpio.o(.text)
    gpio_input_port_get                      0x080029d9   Thumb Code     8  gd32c10x_gpio.o(.text)
    gpio_output_bit_get                      0x080029e1   Thumb Code    16  gd32c10x_gpio.o(.text)
    gpio_output_port_get                     0x080029f1   Thumb Code     8  gd32c10x_gpio.o(.text)
    gpio_pin_remap_config                    0x080029f9   Thumb Code   138  gd32c10x_gpio.o(.text)
    gpio_exti_source_select                  0x08002a83   Thumb Code   146  gd32c10x_gpio.o(.text)
    gpio_event_output_config                 0x08002b15   Thumb Code    22  gd32c10x_gpio.o(.text)
    gpio_event_output_enable                 0x08002b2b   Thumb Code    14  gd32c10x_gpio.o(.text)
    gpio_event_output_disable                0x08002b39   Thumb Code    14  gd32c10x_gpio.o(.text)
    gpio_pin_lock                            0x08002b47   Thumb Code    18  gd32c10x_gpio.o(.text)
    gpio_compensation_config                 0x08002b59   Thumb Code    18  gd32c10x_gpio.o(.text)
    gpio_compensation_flag_get               0x08002b6b   Thumb Code    18  gd32c10x_gpio.o(.text)
    nvic_priority_group_set                  0x08002b89   Thumb Code    10  gd32c10x_misc.o(.text)
    nvic_irq_enable                          0x08002b93   Thumb Code   162  gd32c10x_misc.o(.text)
    nvic_irq_disable                         0x08002c35   Thumb Code    18  gd32c10x_misc.o(.text)
    nvic_vector_table_set                    0x08002c47   Thumb Code    18  gd32c10x_misc.o(.text)
    system_lowpower_set                      0x08002c59   Thumb Code    16  gd32c10x_misc.o(.text)
    system_lowpower_reset                    0x08002c69   Thumb Code    16  gd32c10x_misc.o(.text)
    systick_clksource_set                    0x08002c79   Thumb Code    40  gd32c10x_misc.o(.text)
    rcu_flag_get                             0x08002cb5   Thumb Code    30  gd32c10x_rcu.o(.text)
    rcu_osci_stab_wait                       0x08002cd3   Thumb Code   342  gd32c10x_rcu.o(.text)
    rcu_deinit                               0x08002e29   Thumb Code   108  gd32c10x_rcu.o(.text)
    rcu_periph_clock_enable                  0x08002e95   Thumb Code    28  gd32c10x_rcu.o(.text)
    rcu_periph_clock_disable                 0x08002eb1   Thumb Code    28  gd32c10x_rcu.o(.text)
    rcu_periph_clock_sleep_enable            0x08002ecd   Thumb Code    28  gd32c10x_rcu.o(.text)
    rcu_periph_clock_sleep_disable           0x08002ee9   Thumb Code    28  gd32c10x_rcu.o(.text)
    rcu_periph_reset_enable                  0x08002f05   Thumb Code    28  gd32c10x_rcu.o(.text)
    rcu_periph_reset_disable                 0x08002f21   Thumb Code    28  gd32c10x_rcu.o(.text)
    rcu_bkp_reset_enable                     0x08002f3d   Thumb Code    14  gd32c10x_rcu.o(.text)
    rcu_bkp_reset_disable                    0x08002f4b   Thumb Code    14  gd32c10x_rcu.o(.text)
    rcu_system_clock_source_config           0x08002f59   Thumb Code    18  gd32c10x_rcu.o(.text)
    rcu_system_clock_source_get              0x08002f6b   Thumb Code    10  gd32c10x_rcu.o(.text)
    rcu_ahb_clock_config                     0x08002f75   Thumb Code    18  gd32c10x_rcu.o(.text)
    rcu_apb1_clock_config                    0x08002f87   Thumb Code    18  gd32c10x_rcu.o(.text)
    rcu_apb2_clock_config                    0x08002f99   Thumb Code    18  gd32c10x_rcu.o(.text)
    rcu_ckout0_config                        0x08002fab   Thumb Code    18  gd32c10x_rcu.o(.text)
    rcu_pll_config                           0x08002fbd   Thumb Code    24  gd32c10x_rcu.o(.text)
    rcu_pllpresel_config                     0x08002fd5   Thumb Code    18  gd32c10x_rcu.o(.text)
    rcu_predv0_config                        0x08002fe7   Thumb Code    24  gd32c10x_rcu.o(.text)
    rcu_predv1_config                        0x08002fff   Thumb Code    18  gd32c10x_rcu.o(.text)
    rcu_pll1_config                          0x08003011   Thumb Code    22  gd32c10x_rcu.o(.text)
    rcu_pll2_config                          0x08003027   Thumb Code    22  gd32c10x_rcu.o(.text)
    rcu_adc_clock_config                     0x0800303d   Thumb Code   136  gd32c10x_rcu.o(.text)
    rcu_usb_clock_config                     0x080030c5   Thumb Code    18  gd32c10x_rcu.o(.text)
    rcu_rtc_clock_config                     0x080030d7   Thumb Code    18  gd32c10x_rcu.o(.text)
    rcu_i2s1_clock_config                    0x080030e9   Thumb Code    18  gd32c10x_rcu.o(.text)
    rcu_i2s2_clock_config                    0x080030fb   Thumb Code    18  gd32c10x_rcu.o(.text)
    rcu_ck48m_clock_config                   0x0800310d   Thumb Code    22  gd32c10x_rcu.o(.text)
    rcu_all_reset_flag_clear                 0x08003123   Thumb Code    14  gd32c10x_rcu.o(.text)
    rcu_interrupt_flag_get                   0x08003131   Thumb Code    30  gd32c10x_rcu.o(.text)
    rcu_interrupt_flag_clear                 0x0800314f   Thumb Code    28  gd32c10x_rcu.o(.text)
    rcu_interrupt_enable                     0x0800316b   Thumb Code    28  gd32c10x_rcu.o(.text)
    rcu_interrupt_disable                    0x08003187   Thumb Code    28  gd32c10x_rcu.o(.text)
    rcu_lxtal_drive_capability_config        0x080031a3   Thumb Code    18  gd32c10x_rcu.o(.text)
    rcu_osci_on                              0x080031b5   Thumb Code    28  gd32c10x_rcu.o(.text)
    rcu_osci_off                             0x080031d1   Thumb Code    28  gd32c10x_rcu.o(.text)
    rcu_osci_bypass_mode_enable              0x080031ed   Thumb Code   108  gd32c10x_rcu.o(.text)
    rcu_osci_bypass_mode_disable             0x08003259   Thumb Code   108  gd32c10x_rcu.o(.text)
    rcu_hxtal_clock_monitor_enable           0x080032c5   Thumb Code    14  gd32c10x_rcu.o(.text)
    rcu_hxtal_clock_monitor_disable          0x080032d3   Thumb Code    14  gd32c10x_rcu.o(.text)
    rcu_irc8m_adjust_value_set               0x080032e1   Thumb Code    22  gd32c10x_rcu.o(.text)
    rcu_deepsleep_voltage_set                0x080032f7   Thumb Code    10  gd32c10x_rcu.o(.text)
    rcu_clock_freq_get                       0x08003301   Thumb Code   352  gd32c10x_rcu.o(.text)
    timer_deinit                             0x08003481   Thumb Code   374  gd32c10x_timer.o(.text)
    timer_struct_para_init                   0x080035f7   Thumb Code    22  gd32c10x_timer.o(.text)
    timer_init                               0x0800360d   Thumb Code   136  gd32c10x_timer.o(.text)
    timer_enable                             0x08003695   Thumb Code    10  gd32c10x_timer.o(.text)
    timer_disable                            0x0800369f   Thumb Code    10  gd32c10x_timer.o(.text)
    timer_auto_reload_shadow_enable          0x080036a9   Thumb Code    10  gd32c10x_timer.o(.text)
    timer_auto_reload_shadow_disable         0x080036b3   Thumb Code    10  gd32c10x_timer.o(.text)
    timer_update_event_enable                0x080036bd   Thumb Code    10  gd32c10x_timer.o(.text)
    timer_update_event_disable               0x080036c7   Thumb Code    10  gd32c10x_timer.o(.text)
    timer_counter_alignment                  0x080036d1   Thumb Code    16  gd32c10x_timer.o(.text)
    timer_counter_up_direction               0x080036e1   Thumb Code    10  gd32c10x_timer.o(.text)
    timer_counter_down_direction             0x080036eb   Thumb Code    10  gd32c10x_timer.o(.text)
    timer_prescaler_config                   0x080036f5   Thumb Code    16  gd32c10x_timer.o(.text)
    timer_repetition_value_config            0x08003705   Thumb Code     4  gd32c10x_timer.o(.text)
    timer_autoreload_value_config            0x08003709   Thumb Code     4  gd32c10x_timer.o(.text)
    timer_counter_value_config               0x0800370d   Thumb Code     4  gd32c10x_timer.o(.text)
    timer_counter_read                       0x08003711   Thumb Code     8  gd32c10x_timer.o(.text)
    timer_prescaler_read                     0x08003719   Thumb Code    10  gd32c10x_timer.o(.text)
    timer_single_pulse_mode_config           0x08003723   Thumb Code    26  gd32c10x_timer.o(.text)
    timer_update_source_config               0x0800373d   Thumb Code    26  gd32c10x_timer.o(.text)
    timer_dma_enable                         0x08003757   Thumb Code     8  gd32c10x_timer.o(.text)
    timer_dma_disable                        0x0800375f   Thumb Code     8  gd32c10x_timer.o(.text)
    timer_channel_dma_request_source_select  0x08003767   Thumb Code    26  gd32c10x_timer.o(.text)
    timer_dma_transfer_config                0x08003781   Thumb Code    24  gd32c10x_timer.o(.text)
    timer_event_software_generate            0x08003799   Thumb Code     8  gd32c10x_timer.o(.text)
    timer_break_struct_para_init             0x080037a1   Thumb Code    18  gd32c10x_timer.o(.text)
    timer_break_config                       0x080037b3   Thumb Code    30  gd32c10x_timer.o(.text)
    timer_break_enable                       0x080037d1   Thumb Code    10  gd32c10x_timer.o(.text)
    timer_break_disable                      0x080037db   Thumb Code    10  gd32c10x_timer.o(.text)
    timer_automatic_output_enable            0x080037e5   Thumb Code    10  gd32c10x_timer.o(.text)
    timer_automatic_output_disable           0x080037ef   Thumb Code    10  gd32c10x_timer.o(.text)
    timer_primary_output_config              0x080037f9   Thumb Code    24  gd32c10x_timer.o(.text)
    timer_channel_control_shadow_config      0x08003811   Thumb Code    24  gd32c10x_timer.o(.text)
    timer_channel_control_shadow_update_config 0x08003829   Thumb Code    26  gd32c10x_timer.o(.text)
    timer_channel_output_struct_para_init    0x08003843   Thumb Code    16  gd32c10x_timer.o(.text)
    timer_channel_output_config              0x08003853   Thumb Code   516  gd32c10x_timer.o(.text)
    timer_channel_output_mode_config         0x08003a57   Thumb Code    90  gd32c10x_timer.o(.text)
    timer_channel_output_pulse_value_config  0x08003ab1   Thumb Code    38  gd32c10x_timer.o(.text)
    timer_channel_output_shadow_config       0x08003ad7   Thumb Code    90  gd32c10x_timer.o(.text)
    timer_channel_output_fast_config         0x08003b31   Thumb Code    90  gd32c10x_timer.o(.text)
    timer_channel_output_clear_config        0x08003b8b   Thumb Code    90  gd32c10x_timer.o(.text)
    timer_channel_output_polarity_config     0x08003be5   Thumb Code    92  gd32c10x_timer.o(.text)
    timer_channel_complementary_output_polarity_config 0x08003c41   Thumb Code    80  gd32c10x_timer.o(.text)
    timer_channel_output_state_config        0x08003c91   Thumb Code    92  gd32c10x_timer.o(.text)
    timer_channel_complementary_output_state_config 0x08003ced   Thumb Code    70  gd32c10x_timer.o(.text)
    timer_channel_input_struct_para_init     0x08003d33   Thumb Code    16  gd32c10x_timer.o(.text)
    timer_channel_input_capture_prescaler_config 0x08003d43   Thumb Code    90  gd32c10x_timer.o(.text)
    timer_input_capture_config               0x08003d9d   Thumb Code   326  gd32c10x_timer.o(.text)
    timer_channel_capture_value_register_read 0x08003ee3   Thumb Code    42  gd32c10x_timer.o(.text)
    timer_input_pwm_capture_config           0x08003f0d   Thumb Code   356  gd32c10x_timer.o(.text)
    timer_hall_mode_config                   0x08004071   Thumb Code    26  gd32c10x_timer.o(.text)
    timer_input_trigger_source_select        0x0800408b   Thumb Code    16  gd32c10x_timer.o(.text)
    timer_master_output_trigger_source_select 0x0800409b   Thumb Code    16  gd32c10x_timer.o(.text)
    timer_slave_mode_select                  0x080040ab   Thumb Code    16  gd32c10x_timer.o(.text)
    timer_master_slave_mode_config           0x080040bb   Thumb Code    26  gd32c10x_timer.o(.text)
    timer_external_trigger_config            0x080040d5   Thumb Code    30  gd32c10x_timer.o(.text)
    timer_quadrature_decoder_mode_config     0x080040f3   Thumb Code    64  gd32c10x_timer.o(.text)
    timer_internal_clock_config              0x08004133   Thumb Code    10  gd32c10x_timer.o(.text)
    timer_internal_trigger_as_external_clock_config 0x0800413d   Thumb Code    32  gd32c10x_timer.o(.text)
    timer_external_trigger_as_external_clock_config 0x0800415d   Thumb Code   166  gd32c10x_timer.o(.text)
    timer_external_clock_mode0_config        0x08004203   Thumb Code    40  gd32c10x_timer.o(.text)
    timer_external_clock_mode1_config        0x0800422b   Thumb Code    32  gd32c10x_timer.o(.text)
    timer_external_clock_mode1_disable       0x0800424b   Thumb Code    10  gd32c10x_timer.o(.text)
    timer_write_chxval_register_config       0x08004255   Thumb Code    34  gd32c10x_timer.o(.text)
    timer_output_value_selection_config      0x08004277   Thumb Code    34  gd32c10x_timer.o(.text)
    timer_interrupt_enable                   0x08004299   Thumb Code     8  gd32c10x_timer.o(.text)
    timer_interrupt_disable                  0x080042a1   Thumb Code     8  gd32c10x_timer.o(.text)
    timer_interrupt_flag_get                 0x080042a9   Thumb Code    24  gd32c10x_timer.o(.text)
    timer_interrupt_flag_clear               0x080042c1   Thumb Code     6  gd32c10x_timer.o(.text)
    timer_flag_get                           0x080042c7   Thumb Code    16  gd32c10x_timer.o(.text)
    timer_flag_clear                         0x080042d7   Thumb Code     6  gd32c10x_timer.o(.text)
    usart_deinit                             0x080042dd   Thumb Code   136  gd32c10x_usart.o(.text)
    usart_baudrate_set                       0x08004365   Thumb Code   136  gd32c10x_usart.o(.text)
    usart_parity_config                      0x080043ed   Thumb Code    16  gd32c10x_usart.o(.text)
    usart_word_length_set                    0x080043fd   Thumb Code    16  gd32c10x_usart.o(.text)
    usart_stop_bit_set                       0x0800440d   Thumb Code    16  gd32c10x_usart.o(.text)
    usart_enable                             0x0800441d   Thumb Code    10  gd32c10x_usart.o(.text)
    usart_disable                            0x08004427   Thumb Code    10  gd32c10x_usart.o(.text)
    usart_transmit_config                    0x08004431   Thumb Code    16  gd32c10x_usart.o(.text)
    usart_receive_config                     0x08004441   Thumb Code    16  gd32c10x_usart.o(.text)
    usart_data_first_config                  0x08004451   Thumb Code    20  gd32c10x_usart.o(.text)
    usart_invert_config                      0x08004465   Thumb Code   104  gd32c10x_usart.o(.text)
    usart_receiver_timeout_enable            0x080044cd   Thumb Code    14  gd32c10x_usart.o(.text)
    usart_receiver_timeout_disable           0x080044db   Thumb Code    14  gd32c10x_usart.o(.text)
    usart_receiver_timeout_threshold_config  0x080044e9   Thumb Code    20  gd32c10x_usart.o(.text)
    usart_data_transmit                      0x080044fd   Thumb Code     8  gd32c10x_usart.o(.text)
    usart_data_receive                       0x08004505   Thumb Code    10  gd32c10x_usart.o(.text)
    usart_address_config                     0x0800450f   Thumb Code    20  gd32c10x_usart.o(.text)
    usart_mute_mode_enable                   0x08004523   Thumb Code    10  gd32c10x_usart.o(.text)
    usart_mute_mode_disable                  0x0800452d   Thumb Code    10  gd32c10x_usart.o(.text)
    usart_mute_mode_wakeup_config            0x08004537   Thumb Code    16  gd32c10x_usart.o(.text)
    usart_lin_mode_enable                    0x08004547   Thumb Code    10  gd32c10x_usart.o(.text)
    usart_lin_mode_disable                   0x08004551   Thumb Code    10  gd32c10x_usart.o(.text)
    usart_lin_break_detection_length_config  0x0800455b   Thumb Code    20  gd32c10x_usart.o(.text)
    usart_send_break                         0x0800456f   Thumb Code    10  gd32c10x_usart.o(.text)
    usart_halfduplex_enable                  0x08004579   Thumb Code    10  gd32c10x_usart.o(.text)
    usart_halfduplex_disable                 0x08004583   Thumb Code    10  gd32c10x_usart.o(.text)
    usart_synchronous_clock_enable           0x0800458d   Thumb Code    10  gd32c10x_usart.o(.text)
    usart_synchronous_clock_disable          0x08004597   Thumb Code    10  gd32c10x_usart.o(.text)
    usart_synchronous_clock_config           0x080045a1   Thumb Code    34  gd32c10x_usart.o(.text)
    usart_guard_time_config                  0x080045c3   Thumb Code    24  gd32c10x_usart.o(.text)
    usart_smartcard_mode_enable              0x080045db   Thumb Code    10  gd32c10x_usart.o(.text)
    usart_smartcard_mode_disable             0x080045e5   Thumb Code    10  gd32c10x_usart.o(.text)
    usart_smartcard_mode_nack_enable         0x080045ef   Thumb Code    10  gd32c10x_usart.o(.text)
    usart_smartcard_mode_nack_disable        0x080045f9   Thumb Code    10  gd32c10x_usart.o(.text)
    usart_smartcard_autoretry_config         0x08004603   Thumb Code    26  gd32c10x_usart.o(.text)
    usart_block_length_config                0x0800461d   Thumb Code    28  gd32c10x_usart.o(.text)
    usart_irda_mode_enable                   0x08004639   Thumb Code    10  gd32c10x_usart.o(.text)
    usart_irda_mode_disable                  0x08004643   Thumb Code    10  gd32c10x_usart.o(.text)
    usart_prescaler_config                   0x0800464d   Thumb Code    16  gd32c10x_usart.o(.text)
    usart_irda_lowpower_config               0x0800465d   Thumb Code    20  gd32c10x_usart.o(.text)
    usart_hardware_flow_rts_config           0x08004671   Thumb Code    16  gd32c10x_usart.o(.text)
    usart_hardware_flow_cts_config           0x08004681   Thumb Code    16  gd32c10x_usart.o(.text)
    usart_dma_receive_config                 0x08004691   Thumb Code    16  gd32c10x_usart.o(.text)
    usart_dma_transmit_config                0x080046a1   Thumb Code    16  gd32c10x_usart.o(.text)
    usart_hardware_flow_coherence_config     0x080046b1   Thumb Code    32  gd32c10x_usart.o(.text)
    usart_flag_get                           0x080046d1   Thumb Code    30  gd32c10x_usart.o(.text)
    usart_flag_clear                         0x080046ef   Thumb Code    26  gd32c10x_usart.o(.text)
    usart_interrupt_enable                   0x08004709   Thumb Code    26  gd32c10x_usart.o(.text)
    usart_interrupt_disable                  0x08004723   Thumb Code    26  gd32c10x_usart.o(.text)
    usart_interrupt_flag_get                 0x0800473d   Thumb Code    56  gd32c10x_usart.o(.text)
    usart_interrupt_flag_clear               0x08004775   Thumb Code    26  gd32c10x_usart.o(.text)
    uart_clear_rx_buff                       0x08004899   Thumb Code    20  usart.o(.text)
    uart_init                                0x080048ad   Thumb Code   134  usart.o(.text)
    uart2_init                               0x08004933   Thumb Code   130  usart.o(.text)
    uart2_force_gpio_test                    0x080049b5   Thumb Code    88  usart.o(.text)
    uart_rx_byte_process                     0x08004a0d   Thumb Code    46  usart.o(.text)
    uart_get_rx_byte                         0x08004a3b   Thumb Code    82  usart.o(.text)
    Usart_SendByte                           0x08004a8d   Thumb Code    30  usart.o(.text)
    Usart_SendArray                          0x08004aab   Thumb Code    54  usart.o(.text)
    uart_send_data                           0x08004ae1   Thumb Code    26  usart.o(.text)
    uart2_rx_byte_process                    0x08004afb   Thumb Code   282  usart.o(.text)
    uart2_get_rx_frame                       0x08004c15   Thumb Code    72  usart.o(.text)
    Usart_SendString                         0x08004c5d   Thumb Code    48  usart.o(.text)
    PB10_PB11_USART2_SendText                0x08004c8d   Thumb Code    44  usart.o(.text)
    PB10_PB11_USART2_BlockTest               0x08004cb9   Thumb Code    18  usart.o(.text)
    Usart_SendHalfWord                       0x08004ccb   Thumb Code    60  usart.o(.text)
    usart_Sen_dma                            0x08004d07   Thumb Code    74  usart.o(.text)
    uart_read_u16_be                         0x08004d51   Thumb Code    12  usart.o(.text)
    uart_write_u16_be                        0x08004d5d   Thumb Code     8  usart.o(.text)
    crc16_ibm                                0x08004d65   Thumb Code    68  usart.o(.text)
    uart_crc16_8005                          0x08004da9   Thumb Code    16  usart.o(.text)
    uart_protocol_unpack                     0x08004f19   Thumb Code   166  usart.o(.text)
    uart_send_protocol_frame                 0x08004fbf   Thumb Code   214  usart.o(.text)
    delay_init                               0x080050a1   Thumb Code    44  delay.o(.text)
    delay_us                                 0x080050cd   Thumb Code    68  delay.o(.text)
    delay_ms                                 0x08005111   Thumb Code    24  delay.o(.text)
    IICA_Init                                0x08005135   Thumb Code    40  iic.o(.text)
    SDA_OUT                                  0x0800515d   Thumb Code    18  iic.o(.text)
    SDA_IN                                   0x0800516f   Thumb Code    18  iic.o(.text)
    IIC_Start                                0x08005181   Thumb Code    60  iic.o(.text)
    IIC_Stop                                 0x080051bd   Thumb Code    60  iic.o(.text)
    IIC_Wait_Ack                             0x080051f9   Thumb Code    86  iic.o(.text)
    IIC_Ack                                  0x0800524f   Thumb Code    60  iic.o(.text)
    IIC_NAck                                 0x0800528b   Thumb Code    60  iic.o(.text)
    IIC_Send_Byte                            0x080052c7   Thumb Code   104  iic.o(.text)
    IIC_Read_Byte                            0x0800532f   Thumb Code    90  iic.o(.text)
    AT24CXX_Init                             0x0800538d   Thumb Code     8  24cxx.o(.text)
    AT24CXX_ReadOneByte                      0x08005395   Thumb Code   106  24cxx.o(.text)
    AT24CXX_WriteOneByte                     0x080053ff   Thumb Code    86  24cxx.o(.text)
    AT24CXX_WriteLenByte                     0x08005455   Thumb Code    42  24cxx.o(.text)
    AT24CXX_ReadLenByte                      0x0800547f   Thumb Code    44  24cxx.o(.text)
    AT24CXX_Check                            0x080054ab   Thumb Code    46  24cxx.o(.text)
    AT24CXX_Read                             0x080054d9   Thumb Code    34  24cxx.o(.text)
    AT24CXX_Write                            0x080054fb   Thumb Code    36  24cxx.o(.text)
    GPIO_TogglePin                           0x08005521   Thumb Code    32  gpio.o(.text)
    GPIO_init_all                            0x08005541   Thumb Code   482  gpio.o(.text)
    Power_UpdateHostControl                  0x08005723   Thumb Code    54  gpio.o(.text)
    ConfigureTimeForRunTimeStats             0x080057c1   Thumb Code    24  timer.o(.text)
    TIM2_init_all                            0x080057d9   Thumb Code    28  timer.o(.text)
    TIM3_init_all                            0x080057f5   Thumb Code    28  timer.o(.text)
    MYDMA_Config                             0x08005819   Thumb Code   312  dma.o(.text)
    NVIC_init_all                            0x0800596d   Thumb Code    72  nvic.o(.text)
    TIMER3_IRQHandler                        0x080059b5   Thumb Code    40  nvic.o(.text)
    DMA0_Channel0_IRQHandler                 0x080059dd   Thumb Code    26  nvic.o(.text)
    DMA0_Channel1_IRQHandler                 0x080059f7   Thumb Code    34  nvic.o(.text)
    DMA0_Channel6_IRQHandler                 0x08005a19   Thumb Code    34  nvic.o(.text)
    USART1_IRQHandler                        0x08005a3b   Thumb Code    28  nvic.o(.text)
    USART2_IRQHandler                        0x08005a57   Thumb Code    28  nvic.o(.text)
    Adc_Init                                 0x08005a8d   Thumb Code   192  adc.o(.text)
    Get_Adc                                  0x08005b4d   Thumb Code    78  adc.o(.text)
    Get_Adc_Average                          0x08005b9b   Thumb Code    40  adc.o(.text)
    compute_Voltage                          0x08005bc3   Thumb Code   104  adc.o(.text)
    Filter_Init                              0x08005c2b   Thumb Code   112  adc.o(.text)
    Weighted_Moving_Average                  0x08005c9b   Thumb Code   292  adc.o(.text)
    vListInitialise                          0x08005ddd   Thumb Code    26  list.o(.text)
    vListInitialiseItem                      0x08005df7   Thumb Code     6  list.o(.text)
    vListInsertEnd                           0x08005dfd   Thumb Code    24  list.o(.text)
    vListInsert                              0x08005e15   Thumb Code    52  list.o(.text)
    uxListRemove                             0x08005e49   Thumb Code    40  list.o(.text)
    xQueueGenericReset                       0x08005e71   Thumb Code   214  queue.o(.text)
    xQueueGenericCreate                      0x08005f71   Thumb Code   102  queue.o(.text)
    xQueueGenericSend                        0x080060f1   Thumb Code   420  queue.o(.text)
    xQueueCreateMutex                        0x080062b3   Thumb Code    38  queue.o(.text)
    xQueueGiveMutexRecursive                 0x080062d9   Thumb Code    72  queue.o(.text)
    xQueueSemaphoreTake                      0x0800634f   Thumb Code   398  queue.o(.text)
    xQueueTakeMutexRecursive                 0x080064dd   Thumb Code    78  queue.o(.text)
    xQueueCreateCountingSemaphore            0x0800652b   Thumb Code    60  queue.o(.text)
    xQueueGenericSendFromISR                 0x08006567   Thumb Code   296  queue.o(.text)
    xQueueGiveFromISR                        0x0800668f   Thumb Code   272  queue.o(.text)
    xQueueReceive                            0x080067c9   Thumb Code   362  queue.o(.text)
    xQueuePeek                               0x08006933   Thumb Code   362  queue.o(.text)
    xQueueReceiveFromISR                     0x08006a9d   Thumb Code   252  queue.o(.text)
    xQueuePeekFromISR                        0x08006b99   Thumb Code   176  queue.o(.text)
    uxQueueMessagesWaiting                   0x08006c49   Thumb Code    46  queue.o(.text)
    uxQueueSpacesAvailable                   0x08006c77   Thumb Code    48  queue.o(.text)
    uxQueueMessagesWaitingFromISR            0x08006ca7   Thumb Code    34  queue.o(.text)
    vQueueUnregisterQueue                    0x08006cc9   Thumb Code    68  queue.o(.text)
    vQueueDelete                             0x08006d0d   Thumb Code    44  queue.o(.text)
    uxQueueGetQueueNumber                    0x08006d39   Thumb Code     6  queue.o(.text)
    vQueueSetQueueNumber                     0x08006d3f   Thumb Code     4  queue.o(.text)
    ucQueueGetQueueType                      0x08006d43   Thumb Code     8  queue.o(.text)
    xQueueIsQueueEmptyFromISR                0x08006d4b   Thumb Code    42  queue.o(.text)
    xQueueIsQueueFullFromISR                 0x08006d75   Thumb Code    46  queue.o(.text)
    vQueueAddToRegistry                      0x08006da3   Thumb Code    90  queue.o(.text)
    pcQueueGetName                           0x08006dfd   Thumb Code    64  queue.o(.text)
    vQueueWaitForMessageRestricted           0x08006e3d   Thumb Code    74  queue.o(.text)
    xTaskCreate                              0x0800706d   Thumb Code   104  tasks.o(.text)
    vTaskDelete                              0x0800710f   Thumb Code   210  tasks.o(.text)
    xTaskIncrementTick                       0x080071e1   Thumb Code   476  tasks.o(.text)
    xTaskResumeAll                           0x080073bd   Thumb Code   338  tasks.o(.text)
    vTaskSuspendAll                          0x080075b3   Thumb Code    12  tasks.o(.text)
    xTaskDelayUntil                          0x080075bf   Thumb Code   202  tasks.o(.text)
    vTaskDelay                               0x08007689   Thumb Code    82  tasks.o(.text)
    eTaskGetState                            0x080076db   Thumb Code   200  tasks.o(.text)
    uxTaskPriorityGet                        0x080077a3   Thumb Code    30  tasks.o(.text)
    uxTaskPriorityGetFromISR                 0x080077c1   Thumb Code    62  tasks.o(.text)
    vTaskPrioritySet                         0x080077ff   Thumb Code   312  tasks.o(.text)
    vTaskSwitchContext                       0x08007937   Thumb Code   172  tasks.o(.text)
    vTaskSuspend                             0x080079e3   Thumb Code   224  tasks.o(.text)
    vTaskResume                              0x08007b13   Thumb Code   246  tasks.o(.text)
    xTaskResumeFromISR                       0x08007c09   Thumb Code   218  tasks.o(.text)
    vTaskStartScheduler                      0x08007d3f   Thumb Code   126  tasks.o(.text)
    vTaskEndScheduler                        0x08007dbd   Thumb Code    32  tasks.o(.text)
    xTaskGetTickCount                        0x08007ddd   Thumb Code     6  tasks.o(.text)
    xTaskGetTickCountFromISR                 0x08007de3   Thumb Code    16  tasks.o(.text)
    uxTaskGetNumberOfTasks                   0x08007df3   Thumb Code     6  tasks.o(.text)
    pcTaskGetName                            0x08007df9   Thumb Code    44  tasks.o(.text)
    vTaskGetInfo                             0x08007e3b   Thumb Code   126  tasks.o(.text)
    uxTaskGetSystemState                     0x08007f23   Thumb Code   234  tasks.o(.text)
    xTaskCatchUpTicks                        0x0800800d   Thumb Code    72  tasks.o(.text)
    vTaskPlaceOnEventList                    0x08008055   Thumb Code    52  tasks.o(.text)
    vTaskPlaceOnUnorderedEventList           0x08008089   Thumb Code   134  tasks.o(.text)
    vTaskPlaceOnEventListRestricted          0x0800810f   Thumb Code    94  tasks.o(.text)
    xTaskRemoveFromEventList                 0x0800816d   Thumb Code   264  tasks.o(.text)
    vTaskRemoveFromUnorderedEventList        0x08008275   Thumb Code   250  tasks.o(.text)
    vTaskSetTimeOutState                     0x0800836f   Thumb Code    50  tasks.o(.text)
    vTaskInternalSetTimeOutState             0x080083a1   Thumb Code    68  tasks.o(.text)
    xTaskCheckForTimeOut                     0x080083e5   Thumb Code   136  tasks.o(.text)
    vTaskMissedYield                         0x0800846d   Thumb Code     8  tasks.o(.text)
    uxTaskGetTaskNumber                      0x08008475   Thumb Code    14  tasks.o(.text)
    vTaskSetTaskNumber                       0x08008483   Thumb Code     8  tasks.o(.text)
    xTaskGetCurrentTaskHandle                0x0800848b   Thumb Code     6  tasks.o(.text)
    xTaskGetSchedulerState                   0x08008491   Thumb Code    24  tasks.o(.text)
    xTaskPriorityInherit                     0x080084a9   Thumb Code   224  tasks.o(.text)
    xTaskPriorityDisinherit                  0x08008589   Thumb Code   226  tasks.o(.text)
    vTaskPriorityDisinheritAfterTimeout      0x0800866b   Thumb Code   268  tasks.o(.text)
    vTaskList                                0x080087a1   Thumb Code   236  tasks.o(.text)
    vTaskGetRunTimeStats                     0x0800888d   Thumb Code   168  tasks.o(.text)
    uxTaskResetEventItemValue                0x08008935   Thumb Code    24  tasks.o(.text)
    pvTaskIncrementMutexHeldCount            0x0800894d   Thumb Code    26  tasks.o(.text)
    ulTaskGenericNotifyTake                  0x08008967   Thumb Code   160  tasks.o(.text)
    xTaskGenericNotifyWait                   0x08008a07   Thumb Code   196  tasks.o(.text)
    xTaskGenericNotify                       0x08008acb   Thumb Code   510  tasks.o(.text)
    xTaskGenericNotifyFromISR                0x08008cc9   Thumb Code   518  tasks.o(.text)
    vTaskGenericNotifyGiveFromISR            0x08008ecf   Thumb Code   372  tasks.o(.text)
    xTaskGenericNotifyStateClear             0x08009043   Thumb Code   122  tasks.o(.text)
    ulTaskGenericNotifyValueClear            0x080090bd   Thumb Code    58  tasks.o(.text)
    xTimerCreateTimerTask                    0x08009419   Thumb Code    66  timers.o(.text)
    xTimerCreate                             0x080094b3   Thumb Code    54  timers.o(.text)
    xTimerGenericCommand                     0x080094e9   Thumb Code   178  timers.o(.text)
    xTimerGetTimerDaemonTaskHandle           0x0800959b   Thumb Code    42  timers.o(.text)
    xTimerGetPeriod                          0x080095c5   Thumb Code    32  timers.o(.text)
    vTimerSetReloadMode                      0x080095e5   Thumb Code    70  timers.o(.text)
    xTimerGetReloadMode                      0x0800962b   Thumb Code    58  timers.o(.text)
    uxTimerGetReloadMode                     0x08009665   Thumb Code    12  timers.o(.text)
    xTimerGetExpiryTime                      0x08009671   Thumb Code    34  timers.o(.text)
    pcTimerGetName                           0x08009693   Thumb Code    32  timers.o(.text)
    xTimerIsTimerActive                      0x080096b3   Thumb Code    58  timers.o(.text)
    pvTimerGetTimerID                        0x080096ed   Thumb Code    44  timers.o(.text)
    vTimerSetTimerID                         0x08009719   Thumb Code    44  timers.o(.text)
    uxTimerGetTimerNumber                    0x08009745   Thumb Code     6  timers.o(.text)
    vTimerSetTimerNumber                     0x0800974b   Thumb Code     4  timers.o(.text)
    pxPortInitialiseStack                    0x08009795   Thumb Code    38  port.o(.text)
    vPortSetupTimerInterrupt                 0x080097bb   Thumb Code    20  port.o(.text)
    xPortStartScheduler                      0x080097cf   Thumb Code   372  port.o(.text)
    vPortEndScheduler                        0x08009943   Thumb Code    42  port.o(.text)
    vPortEnterCritical                       0x0800996d   Thumb Code    78  port.o(.text)
    vPortExitCritical                        0x080099bb   Thumb Code    56  port.o(.text)
    SysTick_Handler                          0x080099f3   Thumb Code    48  port.o(.text)
    vPortValidateInterruptPriority           0x08009a23   Thumb Code   108  port.o(.text)
    pvPortMalloc                             0x08009b6f   Thumb Code   280  heap_4.o(.text)
    vPortFree                                0x08009c87   Thumb Code   132  heap_4.o(.text)
    xPortGetFreeHeapSize                     0x08009d0b   Thumb Code     6  heap_4.o(.text)
    xPortGetMinimumEverFreeHeapSize          0x08009d11   Thumb Code     6  heap_4.o(.text)
    vPortInitialiseBlocks                    0x08009d17   Thumb Code     2  heap_4.o(.text)
    pvPortCalloc                             0x08009d19   Thumb Code    54  heap_4.o(.text)
    vPortGetHeapStats                        0x08009d4f   Thumb Code   104  heap_4.o(.text)
    __aeabi_memcpy                           0x08009dd5   Thumb Code    36  memcpya.o(.text)
    __aeabi_memcpy4                          0x08009dd5   Thumb Code     0  memcpya.o(.text)
    __aeabi_memcpy8                          0x08009dd5   Thumb Code     0  memcpya.o(.text)
    __aeabi_memset                           0x08009df9   Thumb Code    14  memseta.o(.text)
    __aeabi_memset4                          0x08009df9   Thumb Code     0  memseta.o(.text)
    __aeabi_memset8                          0x08009df9   Thumb Code     0  memseta.o(.text)
    __aeabi_memclr                           0x08009e07   Thumb Code     4  memseta.o(.text)
    __aeabi_memclr4                          0x08009e07   Thumb Code     0  memseta.o(.text)
    __aeabi_memclr8                          0x08009e07   Thumb Code     0  memseta.o(.text)
    memset                                   0x08009e0b   Thumb Code    18  memseta.o(.text)
    strlen                                   0x08009e1d   Thumb Code    14  strlen.o(.text)
    strcpy                                   0x08009e2b   Thumb Code    18  strcpy.o(.text)
    __aeabi_ddiv                             0x08009e3d   Thumb Code   222  ddiv.o(.text)
    __aeabi_ui2d                             0x08009f1b   Thumb Code    26  dfltui.o(.text)
    __aeabi_uidiv                            0x08009f35   Thumb Code     0  uidiv.o(.text)
    __aeabi_uidivmod                         0x08009f35   Thumb Code    44  uidiv.o(.text)
    __aeabi_uldivmod                         0x08009f61   Thumb Code    98  uldiv.o(.text)
    __I$use$fp                               0x08009fc3   Thumb Code     0  iusefp.o(.text)
    _double_round                            0x08009fc3   Thumb Code    30  depilogue.o(.text)
    _double_epilogue                         0x08009fe1   Thumb Code   156  depilogue.o(.text)
    __aeabi_dadd                             0x0800a07d   Thumb Code   322  dadd.o(.text)
    __aeabi_dsub                             0x0800a1bf   Thumb Code     6  dadd.o(.text)
    __aeabi_drsub                            0x0800a1c5   Thumb Code     6  dadd.o(.text)
    __aeabi_dmul                             0x0800a1cb   Thumb Code   228  dmul.o(.text)
    __aeabi_d2ulz                            0x0800a2af   Thumb Code    48  dfixul.o(.text)
    __aeabi_cdrcmple                         0x0800a2e1   Thumb Code    48  cdrcmple.o(.text)
    __scatterload                            0x0800a311   Thumb Code    28  init.o(.text)
    __scatterload_rt2                        0x0800a311   Thumb Code     0  init.o(.text)
    __aeabi_llsl                             0x0800a335   Thumb Code    30  llshl.o(.text)
    _ll_shift_l                              0x0800a335   Thumb Code     0  llshl.o(.text)
    __aeabi_llsr                             0x0800a353   Thumb Code    32  llushr.o(.text)
    _ll_ushift_r                             0x0800a353   Thumb Code     0  llushr.o(.text)
    __aeabi_lasr                             0x0800a373   Thumb Code    36  llsshr.o(.text)
    _ll_sshift_r                             0x0800a373   Thumb Code     0  llsshr.o(.text)
    __decompress                             0x0800a397   Thumb Code     0  __dczerorl2.o(.text)
    __decompress1                            0x0800a397   Thumb Code    86  __dczerorl2.o(.text)
    __0printf                                0x0800a3ed   Thumb Code    22  printfa.o(i.__0printf)
    __1printf                                0x0800a3ed   Thumb Code     0  printfa.o(i.__0printf)
    __2printf                                0x0800a3ed   Thumb Code     0  printfa.o(i.__0printf)
    __c89printf                              0x0800a3ed   Thumb Code     0  printfa.o(i.__0printf)
    printf                                   0x0800a3ed   Thumb Code     0  printfa.o(i.__0printf)
    __0sprintf                               0x0800a40d   Thumb Code    34  printfa.o(i.__0sprintf)
    __1sprintf                               0x0800a40d   Thumb Code     0  printfa.o(i.__0sprintf)
    __2sprintf                               0x0800a40d   Thumb Code     0  printfa.o(i.__0sprintf)
    __c89sprintf                             0x0800a40d   Thumb Code     0  printfa.o(i.__0sprintf)
    sprintf                                  0x0800a40d   Thumb Code     0  printfa.o(i.__0sprintf)
    __scatterload_copy                       0x0800a435   Thumb Code    14  handlers.o(i.__scatterload_copy)
    __scatterload_null                       0x0800a443   Thumb Code     2  handlers.o(i.__scatterload_null)
    __scatterload_zeroinit                   0x0800a445   Thumb Code    14  handlers.o(i.__scatterload_zeroinit)
    Region$$Table$$Base                      0x0800b4f4   Number         0  anon$$obj.o(Region$$Table)
    Region$$Table$$Limit                     0x0800b514   Number         0  anon$$obj.o(Region$$Table)
    SystemCoreClock                          0x20000000   Data           4  system_gd32c10x.o(.data)
    StartTask_Handler                        0x20000004   Data           4  main.o(.data)
    ADCTask_Handler                          0x20000008   Data           4  main.o(.data)
    UARTTask_Handler                         0x2000000c   Data           4  main.o(.data)
    LEDTask_Handler                          0x20000010   Data           4  main.o(.data)
    StatusReportTask_Handler                 0x20000014   Data           4  main.o(.data)
    FillBuffMutex                            0x20000018   Data           4  main.o(.data)
    SemaphoerCapOVPHandle                    0x2000001c   Data           4  main.o(.data)
    Queuehandler_USART                       0x20000020   Data           4  main.o(.data)
    Queuehandler_ModOutNum                   0x20000024   Data           4  main.o(.data)
    Queue_USART                              0x20000028   Data           8  main.o(.data)
    wendu                                    0x20000030   Data           2  main.o(.data)
    fatal_error_flag                         0x20000034   Data           2  power.o(.data)
    error_flag                               0x20000036   Data           1  power.o(.data)
    tim2_up_flag                             0x20000037   Data           1  power.o(.data)
    vo1_shutdown_flag                        0x20000038   Data           1  power.o(.data)
    vo2_shutdown_flag                        0x20000039   Data           1  power.o(.data)
    power_fan_switch                         0x2000003a   Data           1  power.o(.data)
    power_fan_duty                           0x2000003b   Data           1  power.o(.data)
    power_self_check_type                    0x2000003c   Data           1  power.o(.data)
    power_self_check_state                   0x2000003d   Data           1  power.o(.data)
    power_slave_f28v_u                       0x2000005c   Data           2  power.o(.data)
    power_slave_fan_speed                    0x2000005e   Data           2  power.o(.data)
    power_slave_i_f1                         0x20000060   Data           2  power.o(.data)
    power_slave_y                            0x20000062   Data           1  power.o(.data)
    power_slave_f_pwm                        0x20000064   Data           2  power.o(.data)
    power_slave_s0                           0x20000066   Data           2  power.o(.data)
    power_slave_s1                           0x20000068   Data           2  power.o(.data)
    power_slave_s2                           0x2000006a   Data           2  power.o(.data)
    power_slave_temp                         0x2000006c   Data           2  power.o(.data)
    power_slave_online                       0x2000006e   Data           1  power.o(.data)
    power_host_ack_valid                     0x20000074   Data           1  power.o(.data)
    power_host_ack_msg_id                    0x20000076   Data           2  power.o(.data)
    power_host_ack_nak                       0x20000078   Data           1  power.o(.data)
    power_host_ack_err_code                  0x20000079   Data           1  power.o(.data)
    power_host_ack_set_flag                  0x2000007a   Data           1  power.o(.data)
    power_update_report_ack_valid            0x2000007b   Data           1  power.o(.data)
    power_update_report_ack_value            0x2000007c   Data           1  power.o(.data)
    power_update_report_ack_crc              0x2000007e   Data           2  power.o(.data)
    USART_RX_STA                             0x2000008c   Data           1  usart.o(.data)
    USART2_RX_STA                            0x2000008d   Data           1  usart.o(.data)
    FreeRTOSRunTimeTicks                     0x200000a0   Data           8  timer.o(.data)
    pxCurrentTCB                             0x200000ac   Data           4  tasks.o(.data)
    uxTopUsedPriority                        0x200000e4   Data           4  tasks.o(.data)
    __stdout                                 0x20000130   Data           4  stdout.o(.data)
    ADC_results                              0x20000984   Data          14  power.o(.bss)
    USART_RX_BUF                             0x200009ba   Data          64  usart.o(.bss)
    USART_TX_BUF                             0x200009fa   Data          32  usart.o(.bss)
    USART2_RX_BUF                            0x20000a1a   Data        1064  usart.o(.bss)
    USART2_TX_BUF                            0x20000e42   Data          16  usart.o(.bss)
    AD_Value                                 0x20001768   Data         700  adc.o(.bss)
    Average                                  0x20001a24   Data          14  adc.o(.bss)
    Average_filter                           0x20001a32   Data          14  adc.o(.bss)
    channels                                 0x20001a40   Data        1456  adc.o(.bss)
    xQueueRegistry                           0x20001ff0   Data          64  queue.o(.bss)
    __initial_sp                             0x20007f28   Data           0  startup_gd32c10x.o(STACK)



==============================================================================

Memory Map of the image

  Image Entry point : 0x08000151

  Load Region LR_IROM1 (Base: 0x08000000, Size: 0x0000b648, Max: 0x00020000, ABSOLUTE, COMPRESSED[0x0000b52c])

    Execution Region ER_IROM1 (Base: 0x08000000, Size: 0x0000b514, Max: 0x00020000, ABSOLUTE)

    Base Addr    Size         Type   Attr      Idx    E Section Name        Object

    0x08000000   0x00000150   Data   RO          120    RESET               startup_gd32c10x.o
    0x08000150   0x00000000   Code   RO         1232  * .ARM.Collect$$$$00000000  mc_w.l(entry.o)
    0x08000150   0x00000004   Code   RO         1512    .ARM.Collect$$$$00000001  mc_w.l(entry2.o)
    0x08000154   0x00000004   Code   RO         1515    .ARM.Collect$$$$00000004  mc_w.l(entry5.o)
    0x08000158   0x00000000   Code   RO         1517    .ARM.Collect$$$$00000008  mc_w.l(entry7b.o)
    0x08000158   0x00000000   Code   RO         1519    .ARM.Collect$$$$0000000A  mc_w.l(entry8b.o)
    0x08000158   0x00000008   Code   RO         1520    .ARM.Collect$$$$0000000B  mc_w.l(entry9a.o)
    0x08000160   0x00000004   Code   RO         1527    .ARM.Collect$$$$0000000E  mc_w.l(entry12b.o)
    0x08000164   0x00000000   Code   RO         1522    .ARM.Collect$$$$0000000F  mc_w.l(entry10a.o)
    0x08000164   0x00000000   Code   RO         1524    .ARM.Collect$$$$00000011  mc_w.l(entry11a.o)
    0x08000164   0x00000004   Code   RO         1513    .ARM.Collect$$$$00002712  mc_w.l(entry2.o)
    0x08000168   0x000000be   Code   RO         1173    .emb_text           port.o
    0x08000226   0x00000002   PAD
    0x08000228   0x0000030c   Code   RO            3    .text               system_gd32c10x.o
    0x08000534   0x00000024   Code   RO          121    .text               startup_gd32c10x.o
    0x08000558   0x00000010   Code   RO          127    .text               gd32c10x_it.o
    0x08000568   0x0000073c   Code   RO          160    .text               main.o
    0x08000ca4   0x00000d58   Code   RO          292    .text               power.o
    0x080019fc   0x00000230   Code   RO          347    .text               power_eeprom.o
    0x08001c2c   0x000005b8   Code   RO          380    .text               gd32c10x_adc.o
    0x080021e4   0x00000674   Code   RO          440    .text               gd32c10x_dma.o
    0x08002858   0x00000330   Code   RO          520    .text               gd32c10x_gpio.o
    0x08002b88   0x0000012c   Code   RO          540    .text               gd32c10x_misc.o
    0x08002cb4   0x000007cc   Code   RO          581    .text               gd32c10x_rcu.o
    0x08003480   0x00000e5c   Code   RO          601    .text               gd32c10x_timer.o
    0x080042dc   0x000004b2   Code   RO          621    .text               gd32c10x_usart.o
    0x0800478e   0x00000002   PAD
    0x08004790   0x00000910   Code   RO          641    .text               usart.o
    0x080050a0   0x00000094   Code   RO          671    .text               delay.o
    0x08005134   0x00000258   Code   RO          696    .text               iic.o
    0x0800538c   0x00000192   Code   RO          719    .text               24cxx.o
    0x0800551e   0x00000002   PAD
    0x08005520   0x00000244   Code   RO          742    .text               gpio.o
    0x08005764   0x000000b4   Code   RO          762    .text               timer.o
    0x08005818   0x00000154   Code   RO          792    .text               dma.o
    0x0800596c   0x00000120   Code   RO          812    .text               nvic.o
    0x08005a8c   0x00000350   Code   RO          836    .text               adc.o
    0x08005ddc   0x00000094   Code   RO         1017    .text               list.o
    0x08005e70   0x0000101c   Code   RO         1040    .text               queue.o
    0x08006e8c   0x00002270   Code   RO         1101    .text               tasks.o
    0x080090fc   0x0000065c   Code   RO         1135    .text               timers.o
    0x08009758   0x0000035c   Code   RO         1174    .text               port.o
    0x08009ab4   0x00000320   Code   RO         1211    .text               heap_4.o
    0x08009dd4   0x00000024   Code   RO         1235    .text               mc_w.l(memcpya.o)
    0x08009df8   0x00000024   Code   RO         1239    .text               mc_w.l(memseta.o)
    0x08009e1c   0x0000000e   Code   RO         1241    .text               mc_w.l(strlen.o)
    0x08009e2a   0x00000012   Code   RO         1243    .text               mc_w.l(strcpy.o)
    0x08009e3c   0x000000de   Code   RO         1508    .text               mf_w.l(ddiv.o)
    0x08009f1a   0x0000001a   Code   RO         1510    .text               mf_w.l(dfltui.o)
    0x08009f34   0x0000002c   Code   RO         1529    .text               mc_w.l(uidiv.o)
    0x08009f60   0x00000062   Code   RO         1531    .text               mc_w.l(uldiv.o)
    0x08009fc2   0x00000000   Code   RO         1533    .text               mc_w.l(iusefp.o)
    0x08009fc2   0x000000ba   Code   RO         1534    .text               mf_w.l(depilogue.o)
    0x0800a07c   0x0000014e   Code   RO         1536    .text               mf_w.l(dadd.o)
    0x0800a1ca   0x000000e4   Code   RO         1538    .text               mf_w.l(dmul.o)
    0x0800a2ae   0x00000030   Code   RO         1540    .text               mf_w.l(dfixul.o)
    0x0800a2de   0x00000002   PAD
    0x0800a2e0   0x00000030   Code   RO         1542    .text               mf_w.l(cdrcmple.o)
    0x0800a310   0x00000024   Code   RO         1544    .text               mc_w.l(init.o)
    0x0800a334   0x0000001e   Code   RO         1546    .text               mc_w.l(llshl.o)
    0x0800a352   0x00000020   Code   RO         1548    .text               mc_w.l(llushr.o)
    0x0800a372   0x00000024   Code   RO         1550    .text               mc_w.l(llsshr.o)
    0x0800a396   0x00000056   Code   RO         1560    .text               mc_w.l(__dczerorl2.o)
    0x0800a3ec   0x00000020   Code   RO         1480    i.__0printf         mc_w.l(printfa.o)
    0x0800a40c   0x00000028   Code   RO         1482    i.__0sprintf        mc_w.l(printfa.o)
    0x0800a434   0x0000000e   Code   RO         1554    i.__scatterload_copy  mc_w.l(handlers.o)
    0x0800a442   0x00000002   Code   RO         1555    i.__scatterload_null  mc_w.l(handlers.o)
    0x0800a444   0x0000000e   Code   RO         1556    i.__scatterload_zeroinit  mc_w.l(handlers.o)
    0x0800a452   0x00000002   PAD
    0x0800a454   0x00000184   Code   RO         1487    i._fp_digits        mc_w.l(printfa.o)
    0x0800a5d8   0x000006b4   Code   RO         1488    i._printf_core      mc_w.l(printfa.o)
    0x0800ac8c   0x00000024   Code   RO         1489    i._printf_post_padding  mc_w.l(printfa.o)
    0x0800acb0   0x0000002e   Code   RO         1490    i._printf_pre_padding  mc_w.l(printfa.o)
    0x0800acde   0x0000000a   Code   RO         1492    i._sputc            mc_w.l(printfa.o)
    0x0800ace8   0x00000800   Data   RO          294    .constdata          power.o
    0x0800b4e8   0x00000009   Data   RO          349    .constdata          power_eeprom.o
    0x0800b4f1   0x00000003   PAD
    0x0800b4f4   0x00000020   Data   RO         1552    Region$$Table       anon$$obj.o


    Execution Region RW_IRAM1 (Base: 0x20000000, Size: 0x00007f28, Max: 0x00008000, ABSOLUTE, COMPRESSED[0x00000018])

    Base Addr    Size         Type   Attr      Idx    E Section Name        Object

    0x20000000   0x00000004   Data   RW            4    .data               system_gd32c10x.o
    0x20000004   0x0000002e   Data   RW          162    .data               main.o
    0x20000032   0x00000002   PAD
    0x20000034   0x00000056   Data   RW          295    .data               power.o
    0x2000008a   0x00000001   Data   RW          350    .data               power_eeprom.o
    0x2000008b   0x00000001   PAD
    0x2000008c   0x00000010   Data   RW          643    .data               usart.o
    0x2000009c   0x00000001   Data   RW          672    .data               delay.o
    0x2000009d   0x00000003   PAD
    0x200000a0   0x00000008   Data   RW          763    .data               timer.o
    0x200000a8   0x00000002   Data   RW          838    .data               adc.o
    0x200000aa   0x00000002   PAD
    0x200000ac   0x00000048   Data   RW         1103    .data               tasks.o
    0x200000f4   0x00000014   Data   RW         1137    .data               timers.o
    0x20000108   0x0000000c   Data   RW         1175    .data               port.o
    0x20000114   0x0000001c   Data   RW         1213    .data               heap_4.o
    0x20000130   0x00000004   Data   RW         1528    .data               mc_w.l(stdout.o)
    0x20000134   0x00000850   Zero   RW          161    .bss                main.o
    0x20000984   0x00000023   Zero   RW          293    .bss                power.o
    0x200009a7   0x00000001   PAD
    0x200009a8   0x00000012   Zero   RW          348    .bss                power_eeprom.o
    0x200009ba   0x00000dac   Zero   RW          642    .bss                usart.o
    0x20001766   0x00000002   PAD
    0x20001768   0x00000888   Zero   RW          837    .bss                adc.o
    0x20001ff0   0x00000040   Zero   RW         1041    .bss                queue.o
    0x20002030   0x000002d0   Zero   RW         1102    .bss                tasks.o
    0x20002300   0x00000028   Zero   RW         1136    .bss                timers.o
    0x20002328   0x00003c00   Zero   RW         1212    .bss                heap_4.o
    0x20005f28   0x00002000   Zero   RW          118    STACK               startup_gd32c10x.o


==============================================================================

Image component sizes


      Code (inc. data)   RO Data    RW Data    ZI Data      Debug   Object Name

       402          0          0          0          0       2558   24cxx.o
       848         30          0          2       2184       3706   adc.o
       148         12          0          1          0       1387   delay.o
       340         28          0          0          0        779   dma.o
         0          0          0          0          0      14868   event_groups.o
      1464         22          0          0          0       9922   gd32c10x_adc.o
      1652          4          0          0          0       9204   gd32c10x_dma.o
       816         12          0          0          0       5184   gd32c10x_gpio.o
        16          0          0          0          0        909   gd32c10x_it.o
       300         20          0          0          0       1989   gd32c10x_misc.o
      1996         82          0          0          0       9530   gd32c10x_rcu.o
      3676         42          0          0          0      18995   gd32c10x_timer.o
      1202         14          0          0          0      11329   gd32c10x_usart.o
       580         12          0          0          0       1119   gpio.o
       800         30          0         28      15360       5331   heap_4.o
       600          4          0          0          0       2112   iic.o
       148          0          0          0          0       2162   list.o
      1852        134          0         46       2128      30403   main.o
       288         26          0          0          0       1489   nvic.o
      1050         54          0         12          0       9407   port.o
      3416        660       2048         86         35      14491   power.o
       560         16          9          1         18       4461   power_eeprom.o
      4124         18          0          0         64      22852   queue.o
        36          8        336          0       8192        932   startup_gd32c10x.o
       780         58          0          4          0      65801   system_gd32c10x.o
      8816        484          0         72        720      38800   tasks.o
       180          8          0          8          0       1710   timer.o
      1628         72          0         20         40      25379   timers.o
      2320        160          0         16       3500      11090   usart.o

    ----------------------------------------------------------------------
     40044       2010       2428        304      32244     327899   Object Totals
         0          0         32          0          0          0   (incl. Generated)
         6          0          3          8          3          0   (incl. Padding)

    ----------------------------------------------------------------------

      Code (inc. data)   RO Data    RW Data    ZI Data      Debug   Library Member Name

        86          0          0          0          0          0   __dczerorl2.o
         0          0          0          0          0          0   entry.o
         0          0          0          0          0          0   entry10a.o
         0          0          0          0          0          0   entry11a.o
         4          0          0          0          0          0   entry12b.o
         8          4          0          0          0          0   entry2.o
         4          0          0          0          0          0   entry5.o
         0          0          0          0          0          0   entry7b.o
         0          0          0          0          0          0   entry8b.o
         8          4          0          0          0          0   entry9a.o
        30          0          0          0          0          0   handlers.o
        36          8          0          0          0         68   init.o
         0          0          0          0          0          0   iusefp.o
        30          0          0          0          0         68   llshl.o
        36          0          0          0          0         68   llsshr.o
        32          0          0          0          0         68   llushr.o
        36          0          0          0          0         68   memcpya.o
        36          0          0          0          0        108   memseta.o
      2268         96          0          0          0        616   printfa.o
         0          0          0          4          0          0   stdout.o
        18          0          0          0          0         68   strcpy.o
        14          0          0          0          0         68   strlen.o
        44          0          0          0          0         80   uidiv.o
        98          0          0          0          0         92   uldiv.o
        48          0          0          0          0         68   cdrcmple.o
       334          0          0          0          0        148   dadd.o
       222          0          0          0          0        100   ddiv.o
       186          0          0          0          0        176   depilogue.o
        48          0          0          0          0         68   dfixul.o
        26          0          0          0          0         76   dfltui.o
       228          0          0          0          0         96   dmul.o

    ----------------------------------------------------------------------
      3884        112          0          4          0       2104   Library Totals
         4          0          0          0          0          0   (incl. Padding)

    ----------------------------------------------------------------------

      Code (inc. data)   RO Data    RW Data    ZI Data      Debug   Library Name

      2788        112          0          4          0       1372   mc_w.l
      1092          0          0          0          0        732   mf_w.l

    ----------------------------------------------------------------------
      3884        112          0          4          0       2104   Library Totals

    ----------------------------------------------------------------------

==============================================================================


      Code (inc. data)   RO Data    RW Data    ZI Data      Debug   

     43928       2122       2428        308      32244     322595   Grand Totals
     43928       2122       2428         24      32244     322595   ELF Image Totals (compressed)
     43928       2122       2428         24          0          0   ROM Totals

==============================================================================

    Total RO  Size (Code + RO Data)                46356 (  45.27kB)
    Total RW  Size (RW Data + ZI Data)             32552 (  31.79kB)
    Total ROM Size (Code + RO Data + RW Data)      46380 (  45.29kB)

==============================================================================

