Component: ARM Compiler 5.06 update 7 (build 960) Tool: armlink [4d3601]

==============================================================================

Section Cross References

    system_gd32c10x.o(.text) refers to gd32c10x_misc.o(.text) for nvic_vector_table_set
    system_gd32c10x.o(.text) refers to system_gd32c10x.o(.data) for SystemCoreClock
    startup_gd32c10x.o(RESET) refers to startup_gd32c10x.o(STACK) for __initial_sp
    startup_gd32c10x.o(RESET) refers to startup_gd32c10x.o(.text) for Reset_Handler
    startup_gd32c10x.o(RESET) refers to gd32c10x_it.o(.text) for NMI_Handler
    startup_gd32c10x.o(RESET) refers to port.o(.emb_text) for SVC_Handler
    startup_gd32c10x.o(RESET) refers to port.o(.text) for SysTick_Handler
    startup_gd32c10x.o(RESET) refers to nvic.o(.text) for DMA0_Channel0_IRQHandler
    startup_gd32c10x.o(.text) refers to system_gd32c10x.o(.text) for SystemInit
    startup_gd32c10x.o(.text) refers to entry.o(.ARM.Collect$$$$00000000) for __main
    main.o(.text) refers to usart.o(.text) for uart_read_u16_be
    main.o(.text) refers to power.o(.text) for Power_SendAck
    main.o(.text) refers to power_eeprom.o(.text) for Power_EepromSave
    main.o(.text) refers to gd32c10x_gpio.o(.text) for gpio_bit_reset
    main.o(.text) refers to tasks.o(.text) for vTaskDelay
    main.o(.text) refers to power.o(.data) for power_self_check_type
    main.o(.text) refers to port.o(.text) for vPortEnterCritical
    main.o(.text) refers to gpio.o(.text) for GPIO_init_all
    main.o(.text) refers to delay.o(.text) for delay_init
    main.o(.text) refers to dma.o(.text) for MYDMA_Config
    main.o(.text) refers to adc.o(.text) for adc_config
    main.o(.text) refers to timer.o(.text) for TIM2_init_all
    main.o(.text) refers to nvic.o(.text) for NVIC_init_all
    main.o(.text) refers to queue.o(.text) for xQueueGenericCreate
    main.o(.text) refers to gd32c10x_usart.o(.text) for usart_flag_get
    main.o(.text) refers to main.o(.bss) for raw_buff
    main.o(.text) refers to main.o(.data) for ADCTask_Handler
    systick.o(.text) refers to system_gd32c10x.o(.data) for SystemCoreClock
    systick.o(.text) refers to systick.o(.data) for delay
    power.o(.text) refers to usart.o(.text) for uart_get_rx_byte
    power.o(.text) refers to power_eeprom.o(.text) for Power_EepromSetWorkHour
    power.o(.text) refers to gd32c10x_gpio.o(.text) for gpio_bit_reset
    power.o(.text) refers to adc.o(.text) for compute_Voltage
    power.o(.text) refers to power.o(.data) for power_slave_f28v_u
    power.o(.text) refers to power.o(.bss) for rx_buf
    power.o(.text) refers to adc.o(.bss) for Average_filter
    power.o(.text) refers to main.o(.data) for wendu
    power.o(.text) refers to memseta.o(.text) for __aeabi_memclr4
    power.o(.text) refers to printfa.o(i.__0printf) for __2printf
    power.o(.text) refers to dfltui.o(.text) for __aeabi_ui2d
    power.o(.text) refers to ddiv.o(.text) for __aeabi_ddiv
    power.o(.text) refers to power.o(.constdata) for ntc_sparse_table
    power_eeprom.o(.text) refers to memseta.o(.text) for __aeabi_memclr
    power_eeprom.o(.text) refers to 24cxx.o(.text) for AT24CXX_Write
    power_eeprom.o(.text) refers to memcpya.o(.text) for __aeabi_memcpy
    power_eeprom.o(.text) refers to power_eeprom.o(.constdata) for power_eeprom_default_board
    power_eeprom.o(.text) refers to power_eeprom.o(.data) for power_eeprom_ready
    power_eeprom.o(.text) refers to power_eeprom.o(.bss) for power_eeprom_cache
    gd32c10x_adc.o(.text) refers to gd32c10x_rcu.o(.text) for rcu_periph_reset_enable
    gd32c10x_bkp.o(.text) refers to gd32c10x_rcu.o(.text) for rcu_bkp_reset_enable
    gd32c10x_ctc.o(.text) refers to gd32c10x_rcu.o(.text) for rcu_periph_reset_enable
    gd32c10x_gpio.o(.text) refers to gd32c10x_rcu.o(.text) for rcu_periph_reset_enable
    gd32c10x_pmu.o(.text) refers to gd32c10x_rcu.o(.text) for rcu_periph_reset_enable
    gd32c10x_pmu.o(.text) refers to gd32c10x_pmu.o(.bss) for reg_snap
    gd32c10x_timer.o(.text) refers to gd32c10x_rcu.o(.text) for rcu_periph_reset_enable
    gd32c10x_usart.o(.text) refers to gd32c10x_rcu.o(.text) for rcu_periph_reset_enable
    usart.o(.text) refers to gd32c10x_rcu.o(.text) for rcu_periph_clock_enable
    usart.o(.text) refers to gd32c10x_gpio.o(.text) for gpio_init
    usart.o(.text) refers to gd32c10x_usart.o(.text) for usart_deinit
    usart.o(.text) refers to memcpya.o(.text) for __aeabi_memcpy
    usart.o(.text) refers to usart.o(.data) for uart_protocol_tx_busy
    usart.o(.text) refers to usart.o(.bss) for USART_RX_BUF
    usart.o(.text) refers to delay.o(.text) for delay_ms
    usart.o(.text) refers to gd32c10x_dma.o(.text) for dma_channel_disable
    delay.o(.text) refers to gd32c10x_misc.o(.text) for systick_clksource_set
    delay.o(.text) refers to system_gd32c10x.o(.data) for SystemCoreClock
    delay.o(.text) refers to delay.o(.data) for fac_us
    iic.o(.text) refers to gd32c10x_rcu.o(.text) for rcu_periph_clock_enable
[...]
    _fp_digits                               0x0800a309   Thumb Code   366  printfa.o(i._fp_digits)
    i._printf_core                           0x0800a48c   Section        0  printfa.o(i._printf_core)
    _printf_core                             0x0800a48d   Thumb Code  1704  printfa.o(i._printf_core)
    i._printf_post_padding                   0x0800ab40   Section        0  printfa.o(i._printf_post_padding)
    _printf_post_padding                     0x0800ab41   Thumb Code    36  printfa.o(i._printf_post_padding)
    i._printf_pre_padding                    0x0800ab64   Section        0  printfa.o(i._printf_pre_padding)
    _printf_pre_padding                      0x0800ab65   Thumb Code    46  printfa.o(i._printf_pre_padding)
    i._sputc                                 0x0800ab92   Section        0  printfa.o(i._sputc)
    _sputc                                   0x0800ab93   Thumb Code    10  printfa.o(i._sputc)
    .constdata                               0x0800ab9c   Section     2048  power.o(.constdata)
    ntc_sparse_table                         0x0800ab9c   Data        2048  power.o(.constdata)
    .constdata                               0x0800b39c   Section        9  power_eeprom.o(.constdata)
    power_eeprom_default_board               0x0800b39c   Data           6  power_eeprom.o(.constdata)
    power_eeprom_default_mfg                 0x0800b3a2   Data           3  power_eeprom.o(.constdata)
    .data                                    0x20000000   Section        4  system_gd32c10x.o(.data)
    .data                                    0x20000004   Section       46  main.o(.data)
    .data                                    0x20000034   Section       77  power.o(.data)
    power_vin_u_max                          0x2000003e   Data           2  power.o(.data)
    power_vin_u_min                          0x20000040   Data           2  power.o(.data)
    power_12v_u_max                          0x20000042   Data           2  power.o(.data)
    power_12v_u_min                          0x20000044   Data           2  power.o(.data)
    power_28v_u_max                          0x20000046   Data           2  power.o(.data)
    power_28v_u_min                          0x20000048   Data           2  power.o(.data)
    power_f28v_u_max                         0x2000004a   Data           2  power.o(.data)
    power_f28v_u_min                         0x2000004c   Data           2  power.o(.data)
    power_vin_i_max                          0x2000004e   Data           2  power.o(.data)
    power_vin_i_min                          0x20000050   Data           2  power.o(.data)
    power_work_hour                          0x20000054   Data           4  power.o(.data)
    power_work_ms_cnt                        0x20000058   Data           4  power.o(.data)
    power_slave_rx_cnt                       0x20000070   Data           4  power.o(.data)
    rx_cnt                                   0x20000080   Data           1  power.o(.data)
    .data                                    0x20000081   Section        1  power_eeprom.o(.data)
    power_eeprom_ready                       0x20000081   Data           1  power_eeprom.o(.data)
    .data                                    0x20000082   Section       16  usart.o(.data)
    uart_protocol_tx_busy                    0x20000084   Data           1  usart.o(.data)
    uart_rx_head                             0x20000086   Data           2  usart.o(.data)
    uart_rx_tail                             0x20000088   Data           2  usart.o(.data)
    uart2_rx_frame_ready                     0x2000008a   Data           1  usart.o(.data)
    uart2_rx_frame_len                       0x2000008c   Data           2  usart.o(.data)
    rx_started                               0x2000008e   Data           1  usart.o(.data)
    esc_flag                                 0x2000008f   Data           1  usart.o(.data)
    rx_cnt                                   0x20000090   Data           2  usart.o(.data)
    .data                                    0x20000092   Section        1  delay.o(.data)
    fac_us                                   0x20000092   Data           1  delay.o(.data)
    .data                                    0x20000098   Section        8  timer.o(.data)
    .data                                    0x200000a0   Section        4  adc.o(.data)
    adc_i                                    0x200000a0   Data           2  adc.o(.data)
    adc_j                                    0x200000a2   Data           2  adc.o(.data)
    .data                                    0x200000a4   Section       72  tasks.o(.data)
    pxDelayedTaskList                        0x200000a8   Data           4  tasks.o(.data)
    pxOverflowDelayedTaskList                0x200000ac   Data           4  tasks.o(.data)
    uxDeletedTasksWaitingCleanUp             0x200000b0   Data           4  tasks.o(.data)
    uxCurrentNumberOfTasks                   0x200000b4   Data           4  tasks.o(.data)
    xTickCount                               0x200000b8   Data           4  tasks.o(.data)
    uxTopReadyPriority                       0x200000bc   Data           4  tasks.o(.data)
    xSchedulerRunning                        0x200000c0   Data           4  tasks.o(.data)
    xPendedTicks                             0x200000c4   Data           4  tasks.o(.data)
    xYieldPending                            0x200000c8   Data           4  tasks.o(.data)
    xNumOfOverflows                          0x200000cc   Data           4  tasks.o(.data)
    uxTaskNumber                             0x200000d0   Data           4  tasks.o(.data)
    xNextTaskUnblockTime                     0x200000d4   Data           4  tasks.o(.data)
    xIdleTaskHandle                          0x200000d8   Data           4  tasks.o(.data)
    uxSchedulerSuspended                     0x200000e0   Data           4  tasks.o(.data)
    ulTaskSwitchedInTime                     0x200000e4   Data           4  tasks.o(.data)
    ulTotalRunTime                           0x200000e8   Data           4  tasks.o(.data)
    .data                                    0x200000ec   Section       20  timers.o(.data)
    pxCurrentTimerList                       0x200000ec   Data           4  timers.o(.data)
    pxOverflowTimerList                      0x200000f0   Data           4  timers.o(.data)
    xTimerQueue                              0x200000f4   Data           4  timers.o(.data)
    xTimerTaskHandle                         0x200000f8   Data           4  timers.o(.data)
    xLastTime                                0x200000fc   Data           4  timers.o(.data)
    .data                                    0x20000100   Section       12  port.o(.data)
    uxCriticalNesting                        0x20000100   Data           4  port.o(.data)
    ucMaxSysCallPriority                     0x20000104   Data           1  port.o(.data)
    ulMaxPRIGROUPValue                       0x20000108   Data           4  port.o(.data)
    .data                                    0x2000010c   Section       28  heap_4.o(.data)
    xStart                                   0x2000010c   Data           8  heap_4.o(.data)
    pxEnd                                    0x20000114   Data           4  heap_4.o(.data)
    xFreeBytesRemaining                      0x20000118   Data           4  heap_4.o(.data)
    xMinimumEverFreeBytesRemaining           0x2000011c   Data           4  heap_4.o(.data)
    xNumberOfSuccessfulAllocations           0x20000120   Data           4  heap_4.o(.data)
    xNumberOfSuccessfulFrees                 0x20000124   Data           4  heap_4.o(.data)
    .data                                    0x20000128   Section        4  stdout.o(.data)
    .bss                                     0x2000012c   Section     2128  main.o(.bss)
    raw_buff                                 0x2000012c   Data        1064  main.o(.bss)
    frame_buff                               0x20000554   Data        1064  main.o(.bss)
    .bss                                     0x2000097c   Section       35  power.o(.bss)
    rx_buf                                   0x2000098a   Data          21  power.o(.bss)
    .bss                                     0x200009a0   Section       18  power_eeprom.o(.bss)
    power_eeprom_cache                       0x200009a0   Data          18  power_eeprom.o(.bss)
    .bss                                     0x200009b2   Section     3500  usart.o(.bss)
    uart_slip_tx_buff                        0x20000e4a   Data         196  usart.o(.bss)
    uart2_rx_frame_buf                       0x20000f0e   Data        1064  usart.o(.bss)
    rx_work_buf                              0x20001336   Data        1064  usart.o(.bss)
    .bss                                     0x20001760   Section     2184  adc.o(.bss)
    .bss                                     0x20001fe8   Section       64  queue.o(.bss)
    .bss                                     0x20002028   Section      720  tasks.o(.bss)
    pxReadyTasksLists                        0x20002028   Data         620  tasks.o(.bss)
    xDelayedTaskList1                        0x20002294   Data          20  tasks.o(.bss)
    xDelayedTaskList2                        0x200022a8   Data          20  tasks.o(.bss)
    xPendingReadyList                        0x200022bc   Data          20  tasks.o(.bss)
    xTasksWaitingTermination                 0x200022d0   Data          20  tasks.o(.bss)
    xSuspendedTaskList                       0x200022e4   Data          20  tasks.o(.bss)
    .bss                                     0x200022f8   Section       40  timers.o(.bss)
    xActiveTimerList1                        0x200022f8   Data          20  timers.o(.bss)
    xActiveTimerList2                        0x2000230c   Data          20  timers.o(.bss)
    .bss                                     0x20002320   Section    15360  heap_4.o(.bss)
    ucHeap                                   0x20002320   Data       15360  heap_4.o(.bss)
    STACK                                    0x20005f20   Section     8192  startup_gd32c10x.o(STACK)

    Global Symbols

    Symbol Name                              Value     Ov Type        Size  Object(Section)

    BuildAttributes$$THM_ISAv4$E$P$D$K$B$S$7EM$VFPi3$EXTD16$VFPS$VFMA$PE$A:L22UL41UL21$X:L11$S22US41US21$IEEE1$IW$USESV6$~STKCKD$USESV7$~SHL$OSPACE$ROPI$EBA8$MICROLIB$REQ8$PRES8$EABIv2 0x00000000   Number         0  anon$$obj.o ABSOLUTE
    __ARM_use_no_argv                        0x00000000   Number         0  main.o ABSOLUTE
    _printf_a                                0x00000000   Number         0  stubs.o ABSOLUTE
    _printf_c                                0x00000000   Number         0  stubs.o ABSOLUTE
    _printf_charcount                        0x00000000   Number         0  stubs.o ABSOLUTE
    _printf_d                                0x00000000   Number         0  stubs.o ABSOLUTE
    _printf_e                                0x00000000   Number         0  stubs.o ABSOLUTE
    _printf_f                                0x00000000   Number         0  stubs.o ABSOLUTE
    _printf_flags                            0x00000000   Number         0  stubs.o ABSOLUTE
    _printf_fp_dec                           0x00000000   Number         0  stubs.o ABSOLUTE
    _printf_fp_hex                           0x00000000   Number         0  stubs.o ABSOLUTE
    _printf_g                                0x00000000   Number         0  stubs.o ABSOLUTE
    _printf_i                                0x00000000   Number         0  stubs.o ABSOLUTE
    _printf_int_dec                          0x00000000   Number         0  stubs.o ABSOLUTE
    _printf_l                                0x00000000   Number         0  stubs.o ABSOLUTE
    _printf_lc                               0x00000000   Number         0  stubs.o ABSOLUTE
    _printf_ll                               0x00000000   Number         0  stubs.o ABSOLUTE
    _printf_lld                              0x00000000   Number         0  stubs.o ABSOLUTE
    _printf_lli                              0x00000000   Number         0  stubs.o ABSOLUTE
    _printf_llo                              0x00000000   Number         0  stubs.o ABSOLUTE
    _printf_llu                              0x00000000   Number         0  stubs.o ABSOLUTE
    _printf_llx                              0x00000000   Number         0  stubs.o ABSOLUTE
    _printf_longlong_dec                     0x00000000   Number         0  stubs.o ABSOLUTE
    _printf_longlong_hex                     0x00000000   Number         0  stubs.o ABSOLUTE
    _printf_longlong_oct                     0x00000000   Number         0  stubs.o ABSOLUTE
    _printf_ls                               0x00000000   Number         0  stubs.o ABSOLUTE
    _printf_mbtowc                           0x00000000   Number         0  stubs.o ABSOLUTE
    _printf_n                                0x00000000   Number         0  stubs.o ABSOLUTE
    _printf_o                                0x00000000   Number         0  stubs.o ABSOLUTE
    _printf_p                                0x00000000   Number         0  stubs.o ABSOLUTE
    _printf_percent                          0x00000000   Number         0  stubs.o ABSOLUTE
    _printf_pre_padding                      0x00000000   Number         0  stubs.o ABSOLUTE
    _printf_return_value                     0x00000000   Number         0  stubs.o ABSOLUTE
    _printf_s                                0x00000000   Number         0  stubs.o ABSOLUTE
    _printf_sizespec                         0x00000000   Number         0  stubs.o ABSOLUTE
    _printf_str                              0x00000000   Number         0  stubs.o ABSOLUTE
    _printf_truncate_signed                  0x00000000   Number         0  stubs.o ABSOLUTE
    _printf_truncate_unsigned                0x00000000   Number         0  stubs.o ABSOLUTE
    _printf_u                                0x00000000   Number         0  stubs.o ABSOLUTE
    _printf_wc                               0x00000000   Number         0  stubs.o ABSOLUTE
    _printf_wctomb                           0x00000000   Number         0  stubs.o ABSOLUTE
    _printf_widthprec                        0x00000000   Number         0  stubs.o ABSOLUTE
    _printf_x                                0x00000000   Number         0  stubs.o ABSOLUTE
    __arm_fini_                               - Undefined Weak Reference
    __cpp_initialize__aeabi_                  - Undefined Weak Reference
    __cxa_finalize                            - Undefined Weak Reference
    _clock_init                               - Undefined Weak Reference
    _microlib_exit                            - Undefined Weak Reference
    __Vectors_Size                           0x00000150   Number         0  startup_gd32c10x.o ABSOLUTE
    __Vectors                                0x08000000   Data           4  startup_gd32c10x.o(RESET)
    __Vectors_End                            0x08000150   Data           0  startup_gd32c10x.o(RESET)
    __main                                   0x08000151   Thumb Code     0  entry.o(.ARM.Collect$$$$00000000)
    _main_stk                                0x08000151   Thumb Code     0  entry2.o(.ARM.Collect$$$$00000001)
    _main_scatterload                        0x08000155   Thumb Code     0  entry5.o(.ARM.Collect$$$$00000004)
    __main_after_scatterload                 0x08000159   Thumb Code     0  entry5.o(.ARM.Collect$$$$00000004)
    _main_clock                              0x08000159   Thumb Code     0  entry7b.o(.ARM.Collect$$$$00000008)
    _main_cpp_init                           0x08000159   Thumb Code     0  entry8b.o(.ARM.Collect$$$$0000000A)
    _main_init                               0x08000159   Thumb Code     0  entry9a.o(.ARM.Collect$$$$0000000B)
    __rt_lib_shutdown_fini                   0x08000161   Thumb Code     0  entry12b.o(.ARM.Collect$$$$0000000E)
    __rt_final_cpp                           0x08000165   Thumb Code     0  entry10a.o(.ARM.Collect$$$$0000000F)
    __rt_final_exit                          0x08000165   Thumb Code     0  entry11a.o(.ARM.Collect$$$$00000011)
    SVC_Handler                              0x08000169   Thumb Code    28  port.o(.emb_text)
    __asm___6_port_c_39a90d8d__prvStartFirstTask 0x08000189   Thumb Code    36  port.o(.emb_text)
    __asm___6_port_c_39a90d8d__prvEnableVFP  0x080001b1   Thumb Code    16  port.o(.emb_text)
    PendSV_Handler                           0x080001c5   Thumb Code    88  port.o(.emb_text)
    vPortGetIPSR                             0x08000221   Thumb Code     6  port.o(.emb_text)
    SystemInit                               0x080002df   Thumb Code   166  system_gd32c10x.o(.text)
    SystemCoreClockUpdate                    0x08000385   Thumb Code   374  system_gd32c10x.o(.text)
    Reset_Handler                            0x08000535   Thumb Code     8  startup_gd32c10x.o(.text)
    MemManage_Handler                        0x08000541   Thumb Code     2  startup_gd32c10x.o(.text)
    ADC0_1_IRQHandler                        0x0800054f   Thumb Code     0  startup_gd32c10x.o(.text)
    CAN0_EWMC_IRQHandler                     0x0800054f   Thumb Code     0  startup_gd32c10x.o(.text)
    CAN0_RX0_IRQHandler                      0x0800054f   Thumb Code     0  startup_gd32c10x.o(.text)
    CAN0_RX1_IRQHandler                      0x0800054f   Thumb Code     0  startup_gd32c10x.o(.text)
    CAN0_TX_IRQHandler                       0x0800054f   Thumb Code     0  startup_gd32c10x.o(.text)
    CAN1_EWMC_IRQHandler                     0x0800054f   Thumb Code     0  startup_gd32c10x.o(.text)
    CAN1_RX0_IRQHandler                      0x0800054f   Thumb Code     0  startup_gd32c10x.o(.text)
    CAN1_RX1_IRQHandler                      0x0800054f   Thumb Code     0  startup_gd32c10x.o(.text)
    CAN1_TX_IRQHandler                       0x0800054f   Thumb Code     0  startup_gd32c10x.o(.text)
    DMA0_Channel2_IRQHandler                 0x0800054f   Thumb Code     0  startup_gd32c10x.o(.text)
    DMA0_Channel3_IRQHandler                 0x0800054f   Thumb Code     0  startup_gd32c10x.o(.text)
    DMA0_Channel4_IRQHandler                 0x0800054f   Thumb Code     0  startup_gd32c10x.o(.text)
    DMA0_Channel5_IRQHandler                 0x0800054f   Thumb Code     0  startup_gd32c10x.o(.text)
    DMA1_Channel0_IRQHandler                 0x0800054f   Thumb Code     0  startup_gd32c10x.o(.text)
    DMA1_Channel1_IRQHandler                 0x0800054f   Thumb Code     0  startup_gd32c10x.o(.text)
    DMA1_Channel2_IRQHandler                 0x0800054f   Thumb Code     0  startup_gd32c10x.o(.text)
    DMA1_Channel3_IRQHandler                 0x0800054f   Thumb Code     0  startup_gd32c10x.o(.text)
    DMA1_Channel4_IRQHandler                 0x0800054f   Thumb Code     0  startup_gd32c10x.o(.text)
    EXMC_IRQHandler                          0x0800054f   Thumb Code     0  startup_gd32c10x.o(.text)
    EXTI0_IRQHandler                         0x0800054f   Thumb Code     0  startup_gd32c10x.o(.text)
    EXTI10_15_IRQHandler                     0x0800054f   Thumb Code     0  startup_gd32c10x.o(.text)
    EXTI1_IRQHandler                         0x0800054f   Thumb Code     0  startup_gd32c10x.o(.text)
    EXTI2_IRQHandler                         0x0800054f   Thumb Code     0  startup_gd32c10x.o(.text)
    EXTI3_IRQHandler                         0x0800054f   Thumb Code     0  startup_gd32c10x.o(.text)
    EXTI4_IRQHandler                         0x0800054f   Thumb Code     0  startup_gd32c10x.o(.text)
    EXTI5_9_IRQHandler                       0x0800054f   Thumb Code     0  startup_gd32c10x.o(.text)
    FMC_IRQHandler                           0x0800054f   Thumb Code     0  startup_gd32c10x.o(.text)
    I2C0_ER_IRQHandler                       0x0800054f   Thumb Code     0  startup_gd32c10x.o(.text)
    I2C0_EV_IRQHandler                       0x0800054f   Thumb Code     0  startup_gd32c10x.o(.text)
    I2C1_ER_IRQHandler                       0x0800054f   Thumb Code     0  startup_gd32c10x.o(.text)
    I2C1_EV_IRQHandler                       0x0800054f   Thumb Code     0  startup_gd32c10x.o(.text)
    LVD_IRQHandler                           0x0800054f   Thumb Code     0  startup_gd32c10x.o(.text)
    RCU_CTC_IRQHandler                       0x0800054f   Thumb Code     0  startup_gd32c10x.o(.text)
    RTC_Alarm_IRQHandler                     0x0800054f   Thumb Code     0  startup_gd32c10x.o(.text)
    RTC_IRQHandler                           0x0800054f   Thumb Code     0  startup_gd32c10x.o(.text)
    SPI0_IRQHandler                          0x0800054f   Thumb Code     0  startup_gd32c10x.o(.text)
    SPI1_IRQHandler                          0x0800054f   Thumb Code     0  startup_gd32c10x.o(.text)
    SPI2_IRQHandler                          0x0800054f   Thumb Code     0  startup_gd32c10x.o(.text)
    TAMPER_IRQHandler                        0x0800054f   Thumb Code     0  startup_gd32c10x.o(.text)
    TIMER0_BRK_TIMER8_IRQHandler             0x0800054f   Thumb Code     0  startup_gd32c10x.o(.text)
    TIMER0_Channel_IRQHandler                0x0800054f   Thumb Code     0  startup_gd32c10x.o(.text)
    TIMER0_TRG_CMT_TIMER10_IRQHandler        0x0800054f   Thumb Code     0  startup_gd32c10x.o(.text)
    TIMER0_UP_TIMER9_IRQHandler              0x0800054f   Thumb Code     0  startup_gd32c10x.o(.text)
    TIMER1_IRQHandler                        0x0800054f   Thumb Code     0  startup_gd32c10x.o(.text)
    TIMER2_IRQHandler                        0x0800054f   Thumb Code     0  startup_gd32c10x.o(.text)
    TIMER4_IRQHandler                        0x0800054f   Thumb Code     0  startup_gd32c10x.o(.text)
    TIMER5_IRQHandler                        0x0800054f   Thumb Code     0  startup_gd32c10x.o(.text)
    TIMER6_IRQHandler                        0x0800054f   Thumb Code     0  startup_gd32c10x.o(.text)
    TIMER7_BRK_TIMER11_IRQHandler            0x0800054f   Thumb Code     0  startup_gd32c10x.o(.text)
    TIMER7_Channel_IRQHandler                0x0800054f   Thumb Code     0  startup_gd32c10x.o(.text)
    TIMER7_TRG_CMT_TIMER13_IRQHandler        0x0800054f   Thumb Code     0  startup_gd32c10x.o(.text)
    TIMER7_UP_TIMER12_IRQHandler             0x0800054f   Thumb Code     0  startup_gd32c10x.o(.text)
    UART3_IRQHandler                         0x0800054f   Thumb Code     0  startup_gd32c10x.o(.text)
    UART4_IRQHandler                         0x0800054f   Thumb Code     0  startup_gd32c10x.o(.text)
    USART0_IRQHandler                        0x0800054f   Thumb Code     0  startup_gd32c10x.o(.text)
    USBFS_IRQHandler                         0x0800054f   Thumb Code     0  startup_gd32c10x.o(.text)
    USBFS_WKUP_IRQHandler                    0x0800054f   Thumb Code     0  startup_gd32c10x.o(.text)
    WWDGT_IRQHandler                         0x0800054f   Thumb Code     0  startup_gd32c10x.o(.text)
    NMI_Handler                              0x08000559   Thumb Code     2  gd32c10x_it.o(.text)
    HardFault_Handler                        0x0800055b   Thumb Code     4  gd32c10x_it.o(.text)
    BusFault_Handler                         0x0800055f   Thumb Code     4  gd32c10x_it.o(.text)
    UsageFault_Handler                       0x08000563   Thumb Code     4  gd32c10x_it.o(.text)
    DebugMon_Handler                         0x08000567   Thumb Code     2  gd32c10x_it.o(.text)
    LED_task                                 0x080009d3   Thumb Code    98  main.o(.text)
    StatusReport_task                        0x08000a35   Thumb Code    20  main.o(.text)
    USART_task                               0x08000a49   Thumb Code    84  main.o(.text)
    ADC_task                                 0x08000a9d   Thumb Code    14  main.o(.text)
    start_task                               0x08000aab   Thumb Code   110  main.o(.text)
    SYS_Init                                 0x08000b19   Thumb Code   132  main.o(.text)
    main                                     0x08000b9d   Thumb Code    88  main.o(.text)
    fputc                                    0x08000bf5   Thumb Code    18  main.o(.text)
    fgetc                                    0x08000c07   Thumb Code    26  main.o(.text)
    Power_ProcessSlaveUpload                 0x08000dfd   Thumb Code    24  power.o(.text)
    Power_SendSlaveControl                   0x08000e15   Thumb Code    74  power.o(.text)
    Power_ClearMaxMin                        0x08000e5f   Thumb Code    72  power.o(.text)
    Power_SetWorkHour                        0x08000ea7   Thumb Code    26  power.o(.text)
    Power_GetWorkHour                        0x08000ec1   Thumb Code     6  power.o(.text)
    Power_StatusReportTick                   0x08000ec7   Thumb Code    74  power.o(.text)
    Power_GetFaultOrWarnState                0x0800105d   Thumb Code    40  power.o(.text)
    Power_IsFaultOrWarn                      0x08001085   Thumb Code    16  power.o(.text)
    Power_SetFan                             0x08001095   Thumb Code    44  power.o(.text)
    DATA_Convert                             0x080010c1   Thumb Code   254  power.o(.text)
    Power_SendAck                            0x080011bf   Thumb Code   104  power.o(.text)
    Power_SendSelfCheck                      0x08001227   Thumb Code   436  power.o(.text)
    Power_SendStatusReport                   0x080013db   Thumb Code    12  power.o(.text)
    Power_SendUpdateDataAck                  0x080013e7   Thumb Code   138  power.o(.text)
    Power_SaveHostAck                        0x08001471   Thumb Code    26  power.o(.text)
    Power_SaveUpdateReportAck                0x0800148b   Thumb Code    24  power.o(.text)
    Power_SendUpdateReport                   0x080014a3   Thumb Code   138  power.o(.text)
    test                                     0x0800152d   Thumb Code   560  power.o(.text)
    Power_EepromSave                         0x08001961   Thumb Code    32  power_eeprom.o(.text)
    Power_EepromLoad                         0x08001981   Thumb Code    64  power_eeprom.o(.text)
    Power_EepromInit                         0x080019c1   Thumb Code    28  power_eeprom.o(.text)
    Power_EepromGetWorkHour                  0x080019dd   Thumb Code    12  power_eeprom.o(.text)
    Power_EepromSetWorkHour                  0x080019e9   Thumb Code    16  power_eeprom.o(.text)
    Power_EepromGetBoardId                   0x080019f9   Thumb Code    12  power_eeprom.o(.text)
    Power_EepromGetMfgDate                   0x08001a05   Thumb Code    12  power_eeprom.o(.text)
    Power_EepromHandleSet                    0x08001a11   Thumb Code   116  power_eeprom.o(.text)
    Power_EepromHandleClear                  0x08001a85   Thumb Code    84  power_eeprom.o(.text)
    adc_deinit                               0x08001ae9   Thumb Code    60  gd32c10x_adc.o(.text)
    adc_mode_config                          0x08001b25   Thumb Code    22  gd32c10x_adc.o(.text)
    adc_special_function_config              0x08001b3b   Thumb Code    90  gd32c10x_adc.o(.text)
    adc_data_alignment_config                0x08001b95   Thumb Code    22  gd32c10x_adc.o(.text)
    adc_enable                               0x08001bab   Thumb Code    18  gd32c10x_adc.o(.text)
    adc_disable                              0x08001bbd   Thumb Code    10  gd32c10x_adc.o(.text)
    adc_calibration_enable                   0x08001bc7   Thumb Code    42  gd32c10x_adc.o(.text)
    adc_tempsensor_vrefint_enable            0x08001bf1   Thumb Code    18  gd32c10x_adc.o(.text)
    adc_tempsensor_vrefint_disable           0x08001c03   Thumb Code    18  gd32c10x_adc.o(.text)
    adc_resolution_config                    0x08001c15   Thumb Code    20  gd32c10x_adc.o(.text)
    adc_oversample_mode_config               0x08001c29   Thumb Code    58  gd32c10x_adc.o(.text)
    adc_oversample_mode_enable               0x08001c63   Thumb Code    14  gd32c10x_adc.o(.text)
    adc_oversample_mode_disable              0x08001c71   Thumb Code    14  gd32c10x_adc.o(.text)
    adc_dma_mode_enable                      0x08001c7f   Thumb Code    10  gd32c10x_adc.o(.text)
    adc_dma_mode_disable                     0x08001c89   Thumb Code    10  gd32c10x_adc.o(.text)
    adc_discontinuous_mode_config            0x08001c93   Thumb Code    76  gd32c10x_adc.o(.text)
    adc_channel_length_config                0x08001cdf   Thumb Code    70  gd32c10x_adc.o(.text)
    adc_regular_channel_config               0x08001d25   Thumb Code   172  gd32c10x_adc.o(.text)
    adc_inserted_channel_config              0x08001dd1   Thumb Code   116  gd32c10x_adc.o(.text)
    adc_inserted_channel_offset_config       0x08001e45   Thumb Code    36  gd32c10x_adc.o(.text)
    adc_external_trigger_source_config       0x08001e69   Thumb Code    48  gd32c10x_adc.o(.text)
    adc_external_trigger_config              0x08001e99   Thumb Code    72  gd32c10x_adc.o(.text)
    adc_software_trigger_enable              0x08001ee1   Thumb Code    30  gd32c10x_adc.o(.text)
    adc_regular_data_read                    0x08001eff   Thumb Code     8  gd32c10x_adc.o(.text)
    adc_inserted_data_read                   0x08001f07   Thumb Code    46  gd32c10x_adc.o(.text)
    adc_sync_mode_convert_value_read         0x08001f35   Thumb Code     6  gd32c10x_adc.o(.text)
    adc_watchdog_single_channel_enable       0x08001f3b   Thumb Code    24  gd32c10x_adc.o(.text)
    adc_watchdog_group_channel_enable        0x08001f53   Thumb Code    60  gd32c10x_adc.o(.text)
    adc_watchdog_disable                     0x08001f8f   Thumb Code    10  gd32c10x_adc.o(.text)
    adc_watchdog_threshold_config            0x08001f99   Thumb Code    14  gd32c10x_adc.o(.text)
    adc_flag_get                             0x08001fa7   Thumb Code    14  gd32c10x_adc.o(.text)
    adc_flag_clear                           0x08001fb5   Thumb Code     8  gd32c10x_adc.o(.text)
    adc_regular_software_startconv_flag_get  0x08001fbd   Thumb Code    16  gd32c10x_adc.o(.text)
    adc_inserted_software_startconv_flag_get 0x08001fcd   Thumb Code    16  gd32c10x_adc.o(.text)
    adc_interrupt_flag_get                   0x08001fdd   Thumb Code    88  gd32c10x_adc.o(.text)
    adc_interrupt_flag_clear                 0x08002035   Thumb Code     8  gd32c10x_adc.o(.text)
    adc_interrupt_enable                     0x0800203d   Thumb Code    44  gd32c10x_adc.o(.text)
    adc_interrupt_disable                    0x08002069   Thumb Code    44  gd32c10x_adc.o(.text)
    dma_deinit                               0x080020b3   Thumb Code   112  gd32c10x_dma.o(.text)
    dma_struct_para_init                     0x08002123   Thumb Code    28  gd32c10x_dma.o(.text)
    dma_init                                 0x0800213f   Thumb Code   302  gd32c10x_dma.o(.text)
    dma_circulation_enable                   0x0800226d   Thumb Code    50  gd32c10x_dma.o(.text)
    dma_circulation_disable                  0x0800229f   Thumb Code    50  gd32c10x_dma.o(.text)
    dma_memory_to_memory_enable              0x080022d1   Thumb Code    50  gd32c10x_dma.o(.text)
    dma_memory_to_memory_disable             0x08002303   Thumb Code    50  gd32c10x_dma.o(.text)
    dma_channel_enable                       0x08002335   Thumb Code    50  gd32c10x_dma.o(.text)
    dma_channel_disable                      0x08002367   Thumb Code    50  gd32c10x_dma.o(.text)
    dma_periph_address_config                0x08002399   Thumb Code    36  gd32c10x_dma.o(.text)
    dma_memory_address_config                0x080023bd   Thumb Code    36  gd32c10x_dma.o(.text)
    dma_transfer_number_config               0x080023e1   Thumb Code    38  gd32c10x_dma.o(.text)
    dma_transfer_number_get                  0x08002407   Thumb Code    34  gd32c10x_dma.o(.text)
    dma_priority_config                      0x08002429   Thumb Code    58  gd32c10x_dma.o(.text)
    dma_memory_width_config                  0x08002463   Thumb Code    62  gd32c10x_dma.o(.text)
    dma_periph_width_config                  0x080024a1   Thumb Code    58  gd32c10x_dma.o(.text)
    dma_memory_increase_enable               0x080024db   Thumb Code    50  gd32c10x_dma.o(.text)
    dma_memory_increase_disable              0x0800250d   Thumb Code    50  gd32c10x_dma.o(.text)
    dma_periph_increase_enable               0x0800253f   Thumb Code    50  gd32c10x_dma.o(.text)
    dma_periph_increase_disable              0x08002571   Thumb Code    50  gd32c10x_dma.o(.text)
    dma_transfer_direction_config            0x080025a3   Thumb Code    84  gd32c10x_dma.o(.text)
    dma_flag_get                             0x080025f7   Thumb Code    24  gd32c10x_dma.o(.text)
    dma_flag_clear                           0x0800260f   Thumb Code    16  gd32c10x_dma.o(.text)
    dma_interrupt_flag_get                   0x0800261f   Thumb Code   130  gd32c10x_dma.o(.text)
    dma_interrupt_flag_clear                 0x080026a1   Thumb Code    16  gd32c10x_dma.o(.text)
    dma_interrupt_enable                     0x080026b1   Thumb Code    50  gd32c10x_dma.o(.text)
    dma_interrupt_disable                    0x080026e3   Thumb Code    50  gd32c10x_dma.o(.text)
    gpio_deinit                              0x08002715   Thumb Code   138  gd32c10x_gpio.o(.text)
    gpio_afio_deinit                         0x0800279f   Thumb Code    20  gd32c10x_gpio.o(.text)
    gpio_init                                0x080027b3   Thumb Code   188  gd32c10x_gpio.o(.text)
    gpio_bit_set                             0x0800286f   Thumb Code     4  gd32c10x_gpio.o(.text)
    gpio_bit_reset                           0x08002873   Thumb Code     4  gd32c10x_gpio.o(.text)
    gpio_bit_write                           0x08002877   Thumb Code    10  gd32c10x_gpio.o(.text)
    gpio_port_write                          0x08002881   Thumb Code     4  gd32c10x_gpio.o(.text)
    gpio_input_bit_get                       0x08002885   Thumb Code    16  gd32c10x_gpio.o(.text)
    gpio_input_port_get                      0x08002895   Thumb Code     8  gd32c10x_gpio.o(.text)
    gpio_output_bit_get                      0x0800289d   Thumb Code    16  gd32c10x_gpio.o(.text)
    gpio_output_port_get                     0x080028ad   Thumb Code     8  gd32c10x_gpio.o(.text)
    gpio_pin_remap_config                    0x080028b5   Thumb Code   138  gd32c10x_gpio.o(.text)
    gpio_exti_source_select                  0x0800293f   Thumb Code   146  gd32c10x_gpio.o(.text)
    gpio_event_output_config                 0x080029d1   Thumb Code    22  gd32c10x_gpio.o(.text)
    gpio_event_output_enable                 0x080029e7   Thumb Code    14  gd32c10x_gpio.o(.text)
    gpio_event_output_disable                0x080029f5   Thumb Code    14  gd32c10x_gpio.o(.text)
    gpio_pin_lock                            0x08002a03   Thumb Code    18  gd32c10x_gpio.o(.text)
    gpio_compensation_config                 0x08002a15   Thumb Code    18  gd32c10x_gpio.o(.text)
    gpio_compensation_flag_get               0x08002a27   Thumb Code    18  gd32c10x_gpio.o(.text)
    nvic_priority_group_set                  0x08002a45   Thumb Code    10  gd32c10x_misc.o(.text)
    nvic_irq_enable                          0x08002a4f   Thumb Code   162  gd32c10x_misc.o(.text)
    nvic_irq_disable                         0x08002af1   Thumb Code    18  gd32c10x_misc.o(.text)
    nvic_vector_table_set                    0x08002b03   Thumb Code    18  gd32c10x_misc.o(.text)
    system_lowpower_set                      0x08002b15   Thumb Code    16  gd32c10x_misc.o(.text)
    system_lowpower_reset                    0x08002b25   Thumb Code    16  gd32c10x_misc.o(.text)
    systick_clksource_set                    0x08002b35   Thumb Code    40  gd32c10x_misc.o(.text)
    rcu_flag_get                             0x08002b71   Thumb Code    30  gd32c10x_rcu.o(.text)
    rcu_osci_stab_wait                       0x08002b8f   Thumb Code   342  gd32c10x_rcu.o(.text)
    rcu_deinit                               0x08002ce5   Thumb Code   108  gd32c10x_rcu.o(.text)
    rcu_periph_clock_enable                  0x08002d51   Thumb Code    28  gd32c10x_rcu.o(.text)
    rcu_periph_clock_disable                 0x08002d6d   Thumb Code    28  gd32c10x_rcu.o(.text)
    rcu_periph_clock_sleep_enable            0x08002d89   Thumb Code    28  gd32c10x_rcu.o(.text)
    rcu_periph_clock_sleep_disable           0x08002da5   Thumb Code    28  gd32c10x_rcu.o(.text)
    rcu_periph_reset_enable                  0x08002dc1   Thumb Code    28  gd32c10x_rcu.o(.text)
    rcu_periph_reset_disable                 0x08002ddd   Thumb Code    28  gd32c10x_rcu.o(.text)
    rcu_bkp_reset_enable                     0x08002df9   Thumb Code    14  gd32c10x_rcu.o(.text)
    rcu_bkp_reset_disable                    0x08002e07   Thumb Code    14  gd32c10x_rcu.o(.text)
    rcu_system_clock_source_config           0x08002e15   Thumb Code    18  gd32c10x_rcu.o(.text)
    rcu_system_clock_source_get              0x08002e27   Thumb Code    10  gd32c10x_rcu.o(.text)
    rcu_ahb_clock_config                     0x08002e31   Thumb Code    18  gd32c10x_rcu.o(.text)
    rcu_apb1_clock_config                    0x08002e43   Thumb Code    18  gd32c10x_rcu.o(.text)
    rcu_apb2_clock_config                    0x08002e55   Thumb Code    18  gd32c10x_rcu.o(.text)
    rcu_ckout0_config                        0x08002e67   Thumb Code    18  gd32c10x_rcu.o(.text)
    rcu_pll_config                           0x08002e79   Thumb Code    24  gd32c10x_rcu.o(.text)
    rcu_pllpresel_config                     0x08002e91   Thumb Code    18  gd32c10x_rcu.o(.text)
    rcu_predv0_config                        0x08002ea3   Thumb Code    24  gd32c10x_rcu.o(.text)
    rcu_predv1_config                        0x08002ebb   Thumb Code    18  gd32c10x_rcu.o(.text)
    rcu_pll1_config                          0x08002ecd   Thumb Code    22  gd32c10x_rcu.o(.text)
    rcu_pll2_config                          0x08002ee3   Thumb Code    22  gd32c10x_rcu.o(.text)
    rcu_adc_clock_config                     0x08002ef9   Thumb Code   136  gd32c10x_rcu.o(.text)
    rcu_usb_clock_config                     0x08002f81   Thumb Code    18  gd32c10x_rcu.o(.text)
    rcu_rtc_clock_config                     0x08002f93   Thumb Code    18  gd32c10x_rcu.o(.text)
    rcu_i2s1_clock_config                    0x08002fa5   Thumb Code    18  gd32c10x_rcu.o(.text)
    rcu_i2s2_clock_config                    0x08002fb7   Thumb Code    18  gd32c10x_rcu.o(.text)
    rcu_ck48m_clock_config                   0x08002fc9   Thumb Code    22  gd32c10x_rcu.o(.text)
    rcu_all_reset_flag_clear                 0x08002fdf   Thumb Code    14  gd32c10x_rcu.o(.text)
    rcu_interrupt_flag_get                   0x08002fed   Thumb Code    30  gd32c10x_rcu.o(.text)
    rcu_interrupt_flag_clear                 0x0800300b   Thumb Code    28  gd32c10x_rcu.o(.text)
    rcu_interrupt_enable                     0x08003027   Thumb Code    28  gd32c10x_rcu.o(.text)
    rcu_interrupt_disable                    0x08003043   Thumb Code    28  gd32c10x_rcu.o(.text)
    rcu_lxtal_drive_capability_config        0x0800305f   Thumb Code    18  gd32c10x_rcu.o(.text)
    rcu_osci_on                              0x08003071   Thumb Code    28  gd32c10x_rcu.o(.text)
    rcu_osci_off                             0x0800308d   Thumb Code    28  gd32c10x_rcu.o(.text)
    rcu_osci_bypass_mode_enable              0x080030a9   Thumb Code   108  gd32c10x_rcu.o(.text)
    rcu_osci_bypass_mode_disable             0x08003115   Thumb Code   108  gd32c10x_rcu.o(.text)
    rcu_hxtal_clock_monitor_enable           0x08003181   Thumb Code    14  gd32c10x_rcu.o(.text)
    rcu_hxtal_clock_monitor_disable          0x0800318f   Thumb Code    14  gd32c10x_rcu.o(.text)
    rcu_irc8m_adjust_value_set               0x0800319d   Thumb Code    22  gd32c10x_rcu.o(.text)
    rcu_deepsleep_voltage_set                0x080031b3   Thumb Code    10  gd32c10x_rcu.o(.text)
    rcu_clock_freq_get                       0x080031bd   Thumb Code   352  gd32c10x_rcu.o(.text)
    timer_deinit                             0x0800333d   Thumb Code   374  gd32c10x_timer.o(.text)
    timer_struct_para_init                   0x080034b3   Thumb Code    22  gd32c10x_timer.o(.text)
    timer_init                               0x080034c9   Thumb Code   136  gd32c10x_timer.o(.text)
    timer_enable                             0x08003551   Thumb Code    10  gd32c10x_timer.o(.text)
    timer_disable                            0x0800355b   Thumb Code    10  gd32c10x_timer.o(.text)
    timer_auto_reload_shadow_enable          0x08003565   Thumb Code    10  gd32c10x_timer.o(.text)
    timer_auto_reload_shadow_disable         0x0800356f   Thumb Code    10  gd32c10x_timer.o(.text)
    timer_update_event_enable                0x08003579   Thumb Code    10  gd32c10x_timer.o(.text)
    timer_update_event_disable               0x08003583   Thumb Code    10  gd32c10x_timer.o(.text)
    timer_counter_alignment                  0x0800358d   Thumb Code    16  gd32c10x_timer.o(.text)
    timer_counter_up_direction               0x0800359d   Thumb Code    10  gd32c10x_timer.o(.text)
    timer_counter_down_direction             0x080035a7   Thumb Code    10  gd32c10x_timer.o(.text)
    timer_prescaler_config                   0x080035b1   Thumb Code    16  gd32c10x_timer.o(.text)
    timer_repetition_value_config            0x080035c1   Thumb Code     4  gd32c10x_timer.o(.text)
    timer_autoreload_value_config            0x080035c5   Thumb Code     4  gd32c10x_timer.o(.text)
    timer_counter_value_config               0x080035c9   Thumb Code     4  gd32c10x_timer.o(.text)
    timer_counter_read                       0x080035cd   Thumb Code     8  gd32c10x_timer.o(.text)
    timer_prescaler_read                     0x080035d5   Thumb Code    10  gd32c10x_timer.o(.text)
    timer_single_pulse_mode_config           0x080035df   Thumb Code    26  gd32c10x_timer.o(.text)
    timer_update_source_config               0x080035f9   Thumb Code    26  gd32c10x_timer.o(.text)
    timer_dma_enable                         0x08003613   Thumb Code     8  gd32c10x_timer.o(.text)
    timer_dma_disable                        0x0800361b   Thumb Code     8  gd32c10x_timer.o(.text)
    timer_channel_dma_request_source_select  0x08003623   Thumb Code    26  gd32c10x_timer.o(.text)
    timer_dma_transfer_config                0x0800363d   Thumb Code    24  gd32c10x_timer.o(.text)
    timer_event_software_generate            0x08003655   Thumb Code     8  gd32c10x_timer.o(.text)
    timer_break_struct_para_init             0x0800365d   Thumb Code    18  gd32c10x_timer.o(.text)
    timer_break_config                       0x0800366f   Thumb Code    30  gd32c10x_timer.o(.text)
    timer_break_enable                       0x0800368d   Thumb Code    10  gd32c10x_timer.o(.text)
    timer_break_disable                      0x08003697   Thumb Code    10  gd32c10x_timer.o(.text)
    timer_automatic_output_enable            0x080036a1   Thumb Code    10  gd32c10x_timer.o(.text)
    timer_automatic_output_disable           0x080036ab   Thumb Code    10  gd32c10x_timer.o(.text)
    timer_primary_output_config              0x080036b5   Thumb Code    24  gd32c10x_timer.o(.text)
    timer_channel_control_shadow_config      0x080036cd   Thumb Code    24  gd32c10x_timer.o(.text)
    timer_channel_control_shadow_update_config 0x080036e5   Thumb Code    26  gd32c10x_timer.o(.text)
    timer_channel_output_struct_para_init    0x080036ff   Thumb Code    16  gd32c10x_timer.o(.text)
    timer_channel_output_config              0x0800370f   Thumb Code   516  gd32c10x_timer.o(.text)
    timer_channel_output_mode_config         0x08003913   Thumb Code    90  gd32c10x_timer.o(.text)
    timer_channel_output_pulse_value_config  0x0800396d   Thumb Code    38  gd32c10x_timer.o(.text)
    timer_channel_output_shadow_config       0x08003993   Thumb Code    90  gd32c10x_timer.o(.text)
    timer_channel_output_fast_config         0x080039ed   Thumb Code    90  gd32c10x_timer.o(.text)
    timer_channel_output_clear_config        0x08003a47   Thumb Code    90  gd32c10x_timer.o(.text)
    timer_channel_output_polarity_config     0x08003aa1   Thumb Code    92  gd32c10x_timer.o(.text)
    timer_channel_complementary_output_polarity_config 0x08003afd   Thumb Code    80  gd32c10x_timer.o(.text)
    timer_channel_output_state_config        0x08003b4d   Thumb Code    92  gd32c10x_timer.o(.text)
    timer_channel_complementary_output_state_config 0x08003ba9   Thumb Code    70  gd32c10x_timer.o(.text)
    timer_channel_input_struct_para_init     0x08003bef   Thumb Code    16  gd32c10x_timer.o(.text)
    timer_channel_input_capture_prescaler_config 0x08003bff   Thumb Code    90  gd32c10x_timer.o(.text)
    timer_input_capture_config               0x08003c59   Thumb Code   326  gd32c10x_timer.o(.text)
    timer_channel_capture_value_register_read 0x08003d9f   Thumb Code    42  gd32c10x_timer.o(.text)
    timer_input_pwm_capture_config           0x08003dc9   Thumb Code   356  gd32c10x_timer.o(.text)
    timer_hall_mode_config                   0x08003f2d   Thumb Code    26  gd32c10x_timer.o(.text)
    timer_input_trigger_source_select        0x08003f47   Thumb Code    16  gd32c10x_timer.o(.text)
    timer_master_output_trigger_source_select 0x08003f57   Thumb Code    16  gd32c10x_timer.o(.text)
    timer_slave_mode_select                  0x08003f67   Thumb Code    16  gd32c10x_timer.o(.text)
    timer_master_slave_mode_config           0x08003f77   Thumb Code    26  gd32c10x_timer.o(.text)
    timer_external_trigger_config            0x08003f91   Thumb Code    30  gd32c10x_timer.o(.text)
    timer_quadrature_decoder_mode_config     0x08003faf   Thumb Code    64  gd32c10x_timer.o(.text)
    timer_internal_clock_config              0x08003fef   Thumb Code    10  gd32c10x_timer.o(.text)
    timer_internal_trigger_as_external_clock_config 0x08003ff9   Thumb Code    32  gd32c10x_timer.o(.text)
    timer_external_trigger_as_external_clock_config 0x08004019   Thumb Code   166  gd32c10x_timer.o(.text)
    timer_external_clock_mode0_config        0x080040bf   Thumb Code    40  gd32c10x_timer.o(.text)
    timer_external_clock_mode1_config        0x080040e7   Thumb Code    32  gd32c10x_timer.o(.text)
    timer_external_clock_mode1_disable       0x08004107   Thumb Code    10  gd32c10x_timer.o(.text)
    timer_write_chxval_register_config       0x08004111   Thumb Code    34  gd32c10x_timer.o(.text)
    timer_output_value_selection_config      0x08004133   Thumb Code    34  gd32c10x_timer.o(.text)
    timer_interrupt_enable                   0x08004155   Thumb Code     8  gd32c10x_timer.o(.text)
    timer_interrupt_disable                  0x0800415d   Thumb Code     8  gd32c10x_timer.o(.text)
    timer_interrupt_flag_get                 0x08004165   Thumb Code    24  gd32c10x_timer.o(.text)
    timer_interrupt_flag_clear               0x0800417d   Thumb Code     6  gd32c10x_timer.o(.text)
    timer_flag_get                           0x08004183   Thumb Code    16  gd32c10x_timer.o(.text)
    timer_flag_clear                         0x08004193   Thumb Code     6  gd32c10x_timer.o(.text)
    usart_deinit                             0x08004199   Thumb Code   136  gd32c10x_usart.o(.text)
    usart_baudrate_set                       0x08004221   Thumb Code   136  gd32c10x_usart.o(.text)
    usart_parity_config                      0x080042a9   Thumb Code    16  gd32c10x_usart.o(.text)
    usart_word_length_set                    0x080042b9   Thumb Code    16  gd32c10x_usart.o(.text)
    usart_stop_bit_set                       0x080042c9   Thumb Code    16  gd32c10x_usart.o(.text)
    usart_enable                             0x080042d9   Thumb Code    10  gd32c10x_usart.o(.text)
    usart_disable                            0x080042e3   Thumb Code    10  gd32c10x_usart.o(.text)
    usart_transmit_config                    0x080042ed   Thumb Code    16  gd32c10x_usart.o(.text)
    usart_receive_config                     0x080042fd   Thumb Code    16  gd32c10x_usart.o(.text)
    usart_data_first_config                  0x0800430d   Thumb Code    20  gd32c10x_usart.o(.text)
    usart_invert_config                      0x08004321   Thumb Code   104  gd32c10x_usart.o(.text)
    usart_receiver_timeout_enable            0x08004389   Thumb Code    14  gd32c10x_usart.o(.text)
    usart_receiver_timeout_disable           0x08004397   Thumb Code    14  gd32c10x_usart.o(.text)
    usart_receiver_timeout_threshold_config  0x080043a5   Thumb Code    20  gd32c10x_usart.o(.text)
    usart_data_transmit                      0x080043b9   Thumb Code     8  gd32c10x_usart.o(.text)
    usart_data_receive                       0x080043c1   Thumb Code    10  gd32c10x_usart.o(.text)
    usart_address_config                     0x080043cb   Thumb Code    20  gd32c10x_usart.o(.text)
    usart_mute_mode_enable                   0x080043df   Thumb Code    10  gd32c10x_usart.o(.text)
    usart_mute_mode_disable                  0x080043e9   Thumb Code    10  gd32c10x_usart.o(.text)
    usart_mute_mode_wakeup_config            0x080043f3   Thumb Code    16  gd32c10x_usart.o(.text)
    usart_lin_mode_enable                    0x08004403   Thumb Code    10  gd32c10x_usart.o(.text)
    usart_lin_mode_disable                   0x0800440d   Thumb Code    10  gd32c10x_usart.o(.text)
    usart_lin_break_detection_length_config  0x08004417   Thumb Code    20  gd32c10x_usart.o(.text)
    usart_send_break                         0x0800442b   Thumb Code    10  gd32c10x_usart.o(.text)
    usart_halfduplex_enable                  0x08004435   Thumb Code    10  gd32c10x_usart.o(.text)
    usart_halfduplex_disable                 0x0800443f   Thumb Code    10  gd32c10x_usart.o(.text)
    usart_synchronous_clock_enable           0x08004449   Thumb Code    10  gd32c10x_usart.o(.text)
    usart_synchronous_clock_disable          0x08004453   Thumb Code    10  gd32c10x_usart.o(.text)
    usart_synchronous_clock_config           0x0800445d   Thumb Code    34  gd32c10x_usart.o(.text)
    usart_guard_time_config                  0x0800447f   Thumb Code    24  gd32c10x_usart.o(.text)
    usart_smartcard_mode_enable              0x08004497   Thumb Code    10  gd32c10x_usart.o(.text)
    usart_smartcard_mode_disable             0x080044a1   Thumb Code    10  gd32c10x_usart.o(.text)
    usart_smartcard_mode_nack_enable         0x080044ab   Thumb Code    10  gd32c10x_usart.o(.text)
    usart_smartcard_mode_nack_disable        0x080044b5   Thumb Code    10  gd32c10x_usart.o(.text)
    usart_smartcard_autoretry_config         0x080044bf   Thumb Code    26  gd32c10x_usart.o(.text)
    usart_block_length_config                0x080044d9   Thumb Code    28  gd32c10x_usart.o(.text)
    usart_irda_mode_enable                   0x080044f5   Thumb Code    10  gd32c10x_usart.o(.text)
    usart_irda_mode_disable                  0x080044ff   Thumb Code    10  gd32c10x_usart.o(.text)
    usart_prescaler_config                   0x08004509   Thumb Code    16  gd32c10x_usart.o(.text)
    usart_irda_lowpower_config               0x08004519   Thumb Code    20  gd32c10x_usart.o(.text)
    usart_hardware_flow_rts_config           0x0800452d   Thumb Code    16  gd32c10x_usart.o(.text)
    usart_hardware_flow_cts_config           0x0800453d   Thumb Code    16  gd32c10x_usart.o(.text)
    usart_dma_receive_config                 0x0800454d   Thumb Code    16  gd32c10x_usart.o(.text)
    usart_dma_transmit_config                0x0800455d   Thumb Code    16  gd32c10x_usart.o(.text)
    usart_hardware_flow_coherence_config     0x0800456d   Thumb Code    32  gd32c10x_usart.o(.text)
    usart_flag_get                           0x0800458d   Thumb Code    30  gd32c10x_usart.o(.text)
    usart_flag_clear                         0x080045ab   Thumb Code    26  gd32c10x_usart.o(.text)
    usart_interrupt_enable                   0x080045c5   Thumb Code    26  gd32c10x_usart.o(.text)
    usart_interrupt_disable                  0x080045df   Thumb Code    26  gd32c10x_usart.o(.text)
    usart_interrupt_flag_get                 0x080045f9   Thumb Code    56  gd32c10x_usart.o(.text)
    usart_interrupt_flag_clear               0x08004631   Thumb Code    26  gd32c10x_usart.o(.text)
    uart_clear_rx_buff                       0x08004755   Thumb Code    20  usart.o(.text)
    uart_init                                0x08004769   Thumb Code   134  usart.o(.text)
    uart2_init                               0x080047ef   Thumb Code   130  usart.o(.text)
    uart2_force_gpio_test                    0x08004871   Thumb Code    88  usart.o(.text)
    uart_rx_byte_process                     0x080048c9   Thumb Code    46  usart.o(.text)
    uart_get_rx_byte                         0x080048f7   Thumb Code    82  usart.o(.text)
    Usart_SendByte                           0x08004949   Thumb Code    30  usart.o(.text)
    Usart_SendArray                          0x08004967   Thumb Code    54  usart.o(.text)
    uart_send_data                           0x0800499d   Thumb Code    26  usart.o(.text)
    uart2_rx_byte_process                    0x080049b7   Thumb Code   282  usart.o(.text)
    uart2_get_rx_frame                       0x08004ad1   Thumb Code    72  usart.o(.text)
    Usart_SendString                         0x08004b19   Thumb Code    48  usart.o(.text)
    PB10_PB11_USART2_SendText                0x08004b49   Thumb Code    44  usart.o(.text)
    PB10_PB11_USART2_BlockTest               0x08004b75   Thumb Code    18  usart.o(.text)
    Usart_SendHalfWord                       0x08004b87   Thumb Code    60  usart.o(.text)
    usart_Sen_dma                            0x08004bc3   Thumb Code    74  usart.o(.text)
    uart_read_u16_be                         0x08004c0d   Thumb Code    12  usart.o(.text)
    uart_write_u16_be                        0x08004c19   Thumb Code     8  usart.o(.text)
    crc16_ibm                                0x08004c21   Thumb Code    68  usart.o(.text)
    uart_crc16_8005                          0x08004c65   Thumb Code    16  usart.o(.text)
    uart_protocol_unpack                     0x08004dd5   Thumb Code   166  usart.o(.text)
    uart_send_protocol_frame                 0x08004e7b   Thumb Code   214  usart.o(.text)
    delay_init                               0x08004f5d   Thumb Code    44  delay.o(.text)
    delay_us                                 0x08004f89   Thumb Code    68  delay.o(.text)
    delay_ms                                 0x08004fcd   Thumb Code    24  delay.o(.text)
    IICA_Init                                0x08004ff1   Thumb Code    40  iic.o(.text)
    SDA_OUT                                  0x08005019   Thumb Code    18  iic.o(.text)
    SDA_IN                                   0x0800502b   Thumb Code    18  iic.o(.text)
    IIC_Start                                0x0800503d   Thumb Code    60  iic.o(.text)
    IIC_Stop                                 0x08005079   Thumb Code    60  iic.o(.text)
    IIC_Wait_Ack                             0x080050b5   Thumb Code    86  iic.o(.text)
    IIC_Ack                                  0x0800510b   Thumb Code    60  iic.o(.text)
    IIC_NAck                                 0x08005147   Thumb Code    60  iic.o(.text)
    IIC_Send_Byte                            0x08005183   Thumb Code   104  iic.o(.text)
    IIC_Read_Byte                            0x080051eb   Thumb Code    90  iic.o(.text)
    AT24CXX_Init                             0x08005249   Thumb Code     8  24cxx.o(.text)
    AT24CXX_ReadOneByte                      0x08005251   Thumb Code   106  24cxx.o(.text)
    AT24CXX_WriteOneByte                     0x080052bb   Thumb Code    86  24cxx.o(.text)
    AT24CXX_WriteLenByte                     0x08005311   Thumb Code    42  24cxx.o(.text)
    AT24CXX_ReadLenByte                      0x0800533b   Thumb Code    44  24cxx.o(.text)
    AT24CXX_Check                            0x08005367   Thumb Code    46  24cxx.o(.text)
    AT24CXX_Read                             0x08005395   Thumb Code    34  24cxx.o(.text)
    AT24CXX_Write                            0x080053b7   Thumb Code    36  24cxx.o(.text)
    GPIO_TogglePin                           0x080053dd   Thumb Code    32  gpio.o(.text)
    GPIO_init_all                            0x080053fd   Thumb Code   364  gpio.o(.text)
    ConfigureTimeForRunTimeStats             0x080055d1   Thumb Code    24  timer.o(.text)
    TIM2_init_all                            0x080055e9   Thumb Code    28  timer.o(.text)
    TIM3_init_all                            0x08005605   Thumb Code    28  timer.o(.text)
    MYDMA_Config                             0x08005629   Thumb Code   228  dma.o(.text)
    NVIC_init_all                            0x08005721   Thumb Code    72  nvic.o(.text)
    TIMER3_IRQHandler                        0x08005769   Thumb Code    40  nvic.o(.text)
    DMA0_Channel0_IRQHandler                 0x08005791   Thumb Code    26  nvic.o(.text)
    DMA0_Channel1_IRQHandler                 0x080057ab   Thumb Code    34  nvic.o(.text)
    DMA0_Channel6_IRQHandler                 0x080057cd   Thumb Code    34  nvic.o(.text)
    USART1_IRQHandler                        0x080057ef   Thumb Code    28  nvic.o(.text)
    USART2_IRQHandler                        0x0800580b   Thumb Code    28  nvic.o(.text)
    Weighted_Moving_Average                  0x08005841   Thumb Code   292  adc.o(.text)
    compute_Voltage                          0x08005965   Thumb Code   116  adc.o(.text)
    Filter_Init                              0x080059d9   Thumb Code   112  adc.o(.text)
    Get_the_temperature_value                0x08005a49   Thumb Code   140  adc.o(.text)
    dma_config                               0x08005ad5   Thumb Code    90  adc.o(.text)
    rcu_config                               0x08005b2f   Thumb Code    18  adc.o(.text)
    adc_config                               0x08005b41   Thumb Code   204  adc.o(.text)
    vListInitialise                          0x08005c5d   Thumb Code    26  list.o(.text)
    vListInitialiseItem                      0x08005c77   Thumb Code     6  list.o(.text)
    vListInsertEnd                           0x08005c7d   Thumb Code    24  list.o(.text)
    vListInsert                              0x08005c95   Thumb Code    52  list.o(.text)
    uxListRemove                             0x08005cc9   Thumb Code    40  list.o(.text)
    xQueueGenericReset                       0x08005cf1   Thumb Code   214  queue.o(.text)
    xQueueGenericCreate                      0x08005df1   Thumb Code   102  queue.o(.text)
    xQueueGenericSend                        0x08005f71   Thumb Code   420  queue.o(.text)
    xQueueCreateMutex                        0x08006133   Thumb Code    38  queue.o(.text)
    xQueueGiveMutexRecursive                 0x08006159   Thumb Code    72  queue.o(.text)
    xQueueSemaphoreTake                      0x080061cf   Thumb Code   398  queue.o(.text)
    xQueueTakeMutexRecursive                 0x0800635d   Thumb Code    78  queue.o(.text)
    xQueueCreateCountingSemaphore            0x080063ab   Thumb Code    60  queue.o(.text)
    xQueueGenericSendFromISR                 0x080063e7   Thumb Code   296  queue.o(.text)
    xQueueGiveFromISR                        0x0800650f   Thumb Code   272  queue.o(.text)
    xQueueReceive                            0x08006649   Thumb Code   362  queue.o(.text)
    xQueuePeek                               0x080067b3   Thumb Code   362  queue.o(.text)
    xQueueReceiveFromISR                     0x0800691d   Thumb Code   252  queue.o(.text)
    xQueuePeekFromISR                        0x08006a19   Thumb Code   176  queue.o(.text)
    uxQueueMessagesWaiting                   0x08006ac9   Thumb Code    46  queue.o(.text)
    uxQueueSpacesAvailable                   0x08006af7   Thumb Code    48  queue.o(.text)
    uxQueueMessagesWaitingFromISR            0x08006b27   Thumb Code    34  queue.o(.text)
    vQueueUnregisterQueue                    0x08006b49   Thumb Code    68  queue.o(.text)
    vQueueDelete                             0x08006b8d   Thumb Code    44  queue.o(.text)
    uxQueueGetQueueNumber                    0x08006bb9   Thumb Code     6  queue.o(.text)
    vQueueSetQueueNumber                     0x08006bbf   Thumb Code     4  queue.o(.text)
    ucQueueGetQueueType                      0x08006bc3   Thumb Code     8  queue.o(.text)
    xQueueIsQueueEmptyFromISR                0x08006bcb   Thumb Code    42  queue.o(.text)
    xQueueIsQueueFullFromISR                 0x08006bf5   Thumb Code    46  queue.o(.text)
    vQueueAddToRegistry                      0x08006c23   Thumb Code    90  queue.o(.text)
    pcQueueGetName                           0x08006c7d   Thumb Code    64  queue.o(.text)
    vQueueWaitForMessageRestricted           0x08006cbd   Thumb Code    74  queue.o(.text)
    xTaskCreate                              0x08006eed   Thumb Code   104  tasks.o(.text)
    vTaskDelete                              0x08006f8f   Thumb Code   210  tasks.o(.text)
    xTaskIncrementTick                       0x08007061   Thumb Code   476  tasks.o(.text)
    xTaskResumeAll                           0x0800723d   Thumb Code   338  tasks.o(.text)
    vTaskSuspendAll                          0x08007433   Thumb Code    12  tasks.o(.text)
    xTaskDelayUntil                          0x0800743f   Thumb Code   202  tasks.o(.text)
    vTaskDelay                               0x08007509   Thumb Code    82  tasks.o(.text)
    eTaskGetState                            0x0800755b   Thumb Code   200  tasks.o(.text)
    uxTaskPriorityGet                        0x08007623   Thumb Code    30  tasks.o(.text)
    uxTaskPriorityGetFromISR                 0x08007641   Thumb Code    62  tasks.o(.text)
    vTaskPrioritySet                         0x0800767f   Thumb Code   312  tasks.o(.text)
    vTaskSwitchContext                       0x080077b7   Thumb Code   172  tasks.o(.text)
    vTaskSuspend                             0x08007863   Thumb Code   224  tasks.o(.text)
    vTaskResume                              0x08007993   Thumb Code   246  tasks.o(.text)
    xTaskResumeFromISR                       0x08007a89   Thumb Code   218  tasks.o(.text)
    vTaskStartScheduler                      0x08007bbf   Thumb Code   126  tasks.o(.text)
    vTaskEndScheduler                        0x08007c3d   Thumb Code    32  tasks.o(.text)
    xTaskGetTickCount                        0x08007c5d   Thumb Code     6  tasks.o(.text)
    xTaskGetTickCountFromISR                 0x08007c63   Thumb Code    16  tasks.o(.text)
    uxTaskGetNumberOfTasks                   0x08007c73   Thumb Code     6  tasks.o(.text)
    pcTaskGetName                            0x08007c79   Thumb Code    44  tasks.o(.text)
    vTaskGetInfo                             0x08007cbb   Thumb Code   126  tasks.o(.text)
    uxTaskGetSystemState                     0x08007da3   Thumb Code   234  tasks.o(.text)
    xTaskCatchUpTicks                        0x08007e8d   Thumb Code    72  tasks.o(.text)
    vTaskPlaceOnEventList                    0x08007ed5   Thumb Code    52  tasks.o(.text)
    vTaskPlaceOnUnorderedEventList           0x08007f09   Thumb Code   134  tasks.o(.text)
    vTaskPlaceOnEventListRestricted          0x08007f8f   Thumb Code    94  tasks.o(.text)
    xTaskRemoveFromEventList                 0x08007fed   Thumb Code   264  tasks.o(.text)
    vTaskRemoveFromUnorderedEventList        0x080080f5   Thumb Code   250  tasks.o(.text)
    vTaskSetTimeOutState                     0x080081ef   Thumb Code    50  tasks.o(.text)
    vTaskInternalSetTimeOutState             0x08008221   Thumb Code    68  tasks.o(.text)
    xTaskCheckForTimeOut                     0x08008265   Thumb Code   136  tasks.o(.text)
    vTaskMissedYield                         0x080082ed   Thumb Code     8  tasks.o(.text)
    uxTaskGetTaskNumber                      0x080082f5   Thumb Code    14  tasks.o(.text)
    vTaskSetTaskNumber                       0x08008303   Thumb Code     8  tasks.o(.text)
    xTaskGetCurrentTaskHandle                0x0800830b   Thumb Code     6  tasks.o(.text)
    xTaskGetSchedulerState                   0x08008311   Thumb Code    24  tasks.o(.text)
    xTaskPriorityInherit                     0x08008329   Thumb Code   224  tasks.o(.text)
    xTaskPriorityDisinherit                  0x08008409   Thumb Code   226  tasks.o(.text)
    vTaskPriorityDisinheritAfterTimeout      0x080084eb   Thumb Code   268  tasks.o(.text)
    vTaskList                                0x08008621   Thumb Code   236  tasks.o(.text)
    vTaskGetRunTimeStats                     0x0800870d   Thumb Code   168  tasks.o(.text)
    uxTaskResetEventItemValue                0x080087b5   Thumb Code    24  tasks.o(.text)
    pvTaskIncrementMutexHeldCount            0x080087cd   Thumb Code    26  tasks.o(.text)
    ulTaskGenericNotifyTake                  0x080087e7   Thumb Code   160  tasks.o(.text)
    xTaskGenericNotifyWait                   0x08008887   Thumb Code   196  tasks.o(.text)
    xTaskGenericNotify                       0x0800894b   Thumb Code   510  tasks.o(.text)
    xTaskGenericNotifyFromISR                0x08008b49   Thumb Code   518  tasks.o(.text)
    vTaskGenericNotifyGiveFromISR            0x08008d4f   Thumb Code   372  tasks.o(.text)
    xTaskGenericNotifyStateClear             0x08008ec3   Thumb Code   122  tasks.o(.text)
    ulTaskGenericNotifyValueClear            0x08008f3d   Thumb Code    58  tasks.o(.text)
    xTimerCreateTimerTask                    0x08009299   Thumb Code    66  timers.o(.text)
    xTimerCreate                             0x08009333   Thumb Code    54  timers.o(.text)
    xTimerGenericCommand                     0x08009369   Thumb Code   178  timers.o(.text)
    xTimerGetTimerDaemonTaskHandle           0x0800941b   Thumb Code    42  timers.o(.text)
    xTimerGetPeriod                          0x08009445   Thumb Code    32  timers.o(.text)
    vTimerSetReloadMode                      0x08009465   Thumb Code    70  timers.o(.text)
    xTimerGetReloadMode                      0x080094ab   Thumb Code    58  timers.o(.text)
    uxTimerGetReloadMode                     0x080094e5   Thumb Code    12  timers.o(.text)
    xTimerGetExpiryTime                      0x080094f1   Thumb Code    34  timers.o(.text)
    pcTimerGetName                           0x08009513   Thumb Code    32  timers.o(.text)
    xTimerIsTimerActive                      0x08009533   Thumb Code    58  timers.o(.text)
    pvTimerGetTimerID                        0x0800956d   Thumb Code    44  timers.o(.text)
    vTimerSetTimerID                         0x08009599   Thumb Code    44  timers.o(.text)
    uxTimerGetTimerNumber                    0x080095c5   Thumb Code     6  timers.o(.text)
    vTimerSetTimerNumber                     0x080095cb   Thumb Code     4  timers.o(.text)
    pxPortInitialiseStack                    0x08009615   Thumb Code    38  port.o(.text)
    vPortSetupTimerInterrupt                 0x0800963b   Thumb Code    20  port.o(.text)
    xPortStartScheduler                      0x0800964f   Thumb Code   372  port.o(.text)
    vPortEndScheduler                        0x080097c3   Thumb Code    42  port.o(.text)
    vPortEnterCritical                       0x080097ed   Thumb Code    78  port.o(.text)
    vPortExitCritical                        0x0800983b   Thumb Code    56  port.o(.text)
    SysTick_Handler                          0x08009873   Thumb Code    48  port.o(.text)
    vPortValidateInterruptPriority           0x080098a3   Thumb Code   108  port.o(.text)
    pvPortMalloc                             0x080099ef   Thumb Code   280  heap_4.o(.text)
    vPortFree                                0x08009b07   Thumb Code   132  heap_4.o(.text)
    xPortGetFreeHeapSize                     0x08009b8b   Thumb Code     6  heap_4.o(.text)
    xPortGetMinimumEverFreeHeapSize          0x08009b91   Thumb Code     6  heap_4.o(.text)
    vPortInitialiseBlocks                    0x08009b97   Thumb Code     2  heap_4.o(.text)
    pvPortCalloc                             0x08009b99   Thumb Code    54  heap_4.o(.text)
    vPortGetHeapStats                        0x08009bcf   Thumb Code   104  heap_4.o(.text)
    __aeabi_memcpy                           0x08009c55   Thumb Code    36  memcpya.o(.text)
    __aeabi_memcpy4                          0x08009c55   Thumb Code     0  memcpya.o(.text)
    __aeabi_memcpy8                          0x08009c55   Thumb Code     0  memcpya.o(.text)
    __aeabi_memset                           0x08009c79   Thumb Code    14  memseta.o(.text)
    __aeabi_memset4                          0x08009c79   Thumb Code     0  memseta.o(.text)
    __aeabi_memset8                          0x08009c79   Thumb Code     0  memseta.o(.text)
    __aeabi_memclr                           0x08009c87   Thumb Code     4  memseta.o(.text)
    __aeabi_memclr4                          0x08009c87   Thumb Code     0  memseta.o(.text)
    __aeabi_memclr8                          0x08009c87   Thumb Code     0  memseta.o(.text)
    memset                                   0x08009c8b   Thumb Code    18  memseta.o(.text)
    strlen                                   0x08009c9d   Thumb Code    14  strlen.o(.text)
    strcpy                                   0x08009cab   Thumb Code    18  strcpy.o(.text)
    __aeabi_dadd                             0x08009cbd   Thumb Code   322  dadd.o(.text)
    __aeabi_dsub                             0x08009dff   Thumb Code     6  dadd.o(.text)
    __aeabi_drsub                            0x08009e05   Thumb Code     6  dadd.o(.text)
    __aeabi_dmul                             0x08009e0b   Thumb Code   228  dmul.o(.text)
    __aeabi_ddiv                             0x08009eef   Thumb Code   222  ddiv.o(.text)
    __aeabi_ui2d                             0x08009fcd   Thumb Code    26  dfltui.o(.text)
    __aeabi_d2uiz                            0x08009fe7   Thumb Code    50  dfixui.o(.text)
    __aeabi_uidiv                            0x0800a019   Thumb Code     0  uidiv.o(.text)
    __aeabi_uidivmod                         0x0800a019   Thumb Code    44  uidiv.o(.text)
    __aeabi_uldivmod                         0x0800a045   Thumb Code    98  uldiv.o(.text)
    __aeabi_llsl                             0x0800a0a7   Thumb Code    30  llshl.o(.text)
    _ll_shift_l                              0x0800a0a7   Thumb Code     0  llshl.o(.text)
    __aeabi_llsr                             0x0800a0c5   Thumb Code    32  llushr.o(.text)
    _ll_ushift_r                             0x0800a0c5   Thumb Code     0  llushr.o(.text)
    __aeabi_lasr                             0x0800a0e5   Thumb Code    36  llsshr.o(.text)
    _ll_sshift_r                             0x0800a0e5   Thumb Code     0  llsshr.o(.text)
    __I$use$fp                               0x0800a109   Thumb Code     0  iusefp.o(.text)
    _double_round                            0x0800a109   Thumb Code    30  depilogue.o(.text)
    _double_epilogue                         0x0800a127   Thumb Code   156  depilogue.o(.text)
    __aeabi_d2ulz                            0x0800a1c3   Thumb Code    48  dfixul.o(.text)
    __aeabi_cdrcmple                         0x0800a1f5   Thumb Code    48  cdrcmple.o(.text)
    __scatterload                            0x0800a225   Thumb Code    28  init.o(.text)
    __scatterload_rt2                        0x0800a225   Thumb Code     0  init.o(.text)
    __decompress                             0x0800a249   Thumb Code     0  __dczerorl2.o(.text)
    __decompress1                            0x0800a249   Thumb Code    86  __dczerorl2.o(.text)
    __0printf                                0x0800a2a1   Thumb Code    22  printfa.o(i.__0printf)
    __1printf                                0x0800a2a1   Thumb Code     0  printfa.o(i.__0printf)
    __2printf                                0x0800a2a1   Thumb Code     0  printfa.o(i.__0printf)
    __c89printf                              0x0800a2a1   Thumb Code     0  printfa.o(i.__0printf)
    printf                                   0x0800a2a1   Thumb Code     0  printfa.o(i.__0printf)
    __0sprintf                               0x0800a2c1   Thumb Code    34  printfa.o(i.__0sprintf)
    __1sprintf                               0x0800a2c1   Thumb Code     0  printfa.o(i.__0sprintf)
    __2sprintf                               0x0800a2c1   Thumb Code     0  printfa.o(i.__0sprintf)
    __c89sprintf                             0x0800a2c1   Thumb Code     0  printfa.o(i.__0sprintf)
    sprintf                                  0x0800a2c1   Thumb Code     0  printfa.o(i.__0sprintf)
    __scatterload_copy                       0x0800a2e9   Thumb Code    14  handlers.o(i.__scatterload_copy)
    __scatterload_null                       0x0800a2f7   Thumb Code     2  handlers.o(i.__scatterload_null)
    __scatterload_zeroinit                   0x0800a2f9   Thumb Code    14  handlers.o(i.__scatterload_zeroinit)
    Region$$Table$$Base                      0x0800b3a8   Number         0  anon$$obj.o(Region$$Table)
    Region$$Table$$Limit                     0x0800b3c8   Number         0  anon$$obj.o(Region$$Table)
    SystemCoreClock                          0x20000000   Data           4  system_gd32c10x.o(.data)
    StartTask_Handler                        0x20000004   Data           4  main.o(.data)
    ADCTask_Handler                          0x20000008   Data           4  main.o(.data)
    UARTTask_Handler                         0x2000000c   Data           4  main.o(.data)
    LEDTask_Handler                          0x20000010   Data           4  main.o(.data)
    StatusReportTask_Handler                 0x20000014   Data           4  main.o(.data)
    FillBuffMutex                            0x20000018   Data           4  main.o(.data)
    SemaphoerCapOVPHandle                    0x2000001c   Data           4  main.o(.data)
    Queuehandler_USART                       0x20000020   Data           4  main.o(.data)
    Queuehandler_ModOutNum                   0x20000024   Data           4  main.o(.data)
    Queue_USART                              0x20000028   Data           8  main.o(.data)
    wendu                                    0x20000030   Data           2  main.o(.data)
    fatal_error_flag                         0x20000034   Data           2  power.o(.data)
    error_flag                               0x20000036   Data           1  power.o(.data)
    tim2_up_flag                             0x20000037   Data           1  power.o(.data)
    vo1_shutdown_flag                        0x20000038   Data           1  power.o(.data)
    vo2_shutdown_flag                        0x20000039   Data           1  power.o(.data)
    power_fan_switch                         0x2000003a   Data           1  power.o(.data)
    power_fan_duty                           0x2000003b   Data           1  power.o(.data)
    power_self_check_type                    0x2000003c   Data           1  power.o(.data)
    power_self_check_state                   0x2000003d   Data           1  power.o(.data)
    power_slave_f28v_u                       0x2000005c   Data           2  power.o(.data)
    power_slave_fan_speed                    0x2000005e   Data           2  power.o(.data)
    power_slave_i_f1                         0x20000060   Data           2  power.o(.data)
    power_slave_y                            0x20000062   Data           1  power.o(.data)
    power_slave_f_pwm                        0x20000064   Data           2  power.o(.data)
    power_slave_s0                           0x20000066   Data           2  power.o(.data)
    power_slave_s1                           0x20000068   Data           2  power.o(.data)
    power_slave_s2                           0x2000006a   Data           2  power.o(.data)
    power_slave_temp                         0x2000006c   Data           2  power.o(.data)
    power_slave_online                       0x2000006e   Data           1  power.o(.data)
    power_host_ack_valid                     0x20000074   Data           1  power.o(.data)
    power_host_ack_msg_id                    0x20000076   Data           2  power.o(.data)
    power_host_ack_nak                       0x20000078   Data           1  power.o(.data)
    power_host_ack_err_code                  0x20000079   Data           1  power.o(.data)
    power_host_ack_set_flag                  0x2000007a   Data           1  power.o(.data)
    power_update_report_ack_valid            0x2000007b   Data           1  power.o(.data)
    power_update_report_ack_value            0x2000007c   Data           1  power.o(.data)
    power_update_report_ack_crc              0x2000007e   Data           2  power.o(.data)
    USART_RX_STA                             0x20000082   Data           1  usart.o(.data)
    USART2_RX_STA                            0x20000083   Data           1  usart.o(.data)
    FreeRTOSRunTimeTicks                     0x20000098   Data           8  timer.o(.data)
    pxCurrentTCB                             0x200000a4   Data           4  tasks.o(.data)
    uxTopUsedPriority                        0x200000dc   Data           4  tasks.o(.data)
    __stdout                                 0x20000128   Data           4  stdout.o(.data)
    ADC_results                              0x2000097c   Data          14  power.o(.bss)
    USART_RX_BUF                             0x200009b2   Data          64  usart.o(.bss)
    USART_TX_BUF                             0x200009f2   Data          32  usart.o(.bss)
    USART2_RX_BUF                            0x20000a12   Data        1064  usart.o(.bss)
    USART2_TX_BUF                            0x20000e3a   Data          16  usart.o(.bss)
    adc1_buf                                 0x20001760   Data         700  adc.o(.bss)
    adc1_result                              0x20001a1c   Data          14  adc.o(.bss)
    Average_filter                           0x20001a2a   Data          14  adc.o(.bss)
    channels                                 0x20001a38   Data        1456  adc.o(.bss)
    xQueueRegistry                           0x20001fe8   Data          64  queue.o(.bss)
    __initial_sp                             0x20007f20   Data           0  startup_gd32c10x.o(STACK)



==============================================================================

Memory Map of the image

  Image Entry point : 0x08000151

  Load Region LR_IROM1 (Base: 0x08000000, Size: 0x0000b4f4, Max: 0x00020000, ABSOLUTE, COMPRESSED[0x0000b3e0])

    Execution Region ER_IROM1 (Base: 0x08000000, Size: 0x0000b3c8, Max: 0x00020000, ABSOLUTE)

    Base Addr    Size         Type   Attr      Idx    E Section Name        Object

    0x08000000   0x00000150   Data   RO          120    RESET               startup_gd32c10x.o
    0x08000150   0x00000000   Code   RO         1232  * .ARM.Collect$$$$00000000  mc_w.l(entry.o)
    0x08000150   0x00000004   Code   RO         1518    .ARM.Collect$$$$00000001  mc_w.l(entry2.o)
    0x08000154   0x00000004   Code   RO         1521    .ARM.Collect$$$$00000004  mc_w.l(entry5.o)
    0x08000158   0x00000000   Code   RO         1523    .ARM.Collect$$$$00000008  mc_w.l(entry7b.o)
    0x08000158   0x00000000   Code   RO         1525    .ARM.Collect$$$$0000000A  mc_w.l(entry8b.o)
    0x08000158   0x00000008   Code   RO         1526    .ARM.Collect$$$$0000000B  mc_w.l(entry9a.o)
    0x08000160   0x00000004   Code   RO         1533    .ARM.Collect$$$$0000000E  mc_w.l(entry12b.o)
    0x08000164   0x00000000   Code   RO         1528    .ARM.Collect$$$$0000000F  mc_w.l(entry10a.o)
    0x08000164   0x00000000   Code   RO         1530    .ARM.Collect$$$$00000011  mc_w.l(entry11a.o)
    0x08000164   0x00000004   Code   RO         1519    .ARM.Collect$$$$00002712  mc_w.l(entry2.o)
    0x08000168   0x000000be   Code   RO         1173    .emb_text           port.o
    0x08000226   0x00000002   PAD
    0x08000228   0x0000030c   Code   RO            3    .text               system_gd32c10x.o
    0x08000534   0x00000024   Code   RO          121    .text               startup_gd32c10x.o
    0x08000558   0x00000010   Code   RO          127    .text               gd32c10x_it.o
    0x08000568   0x0000072c   Code   RO          160    .text               main.o
    0x08000c94   0x00000c24   Code   RO          292    .text               power.o
    0x080018b8   0x00000230   Code   RO          347    .text               power_eeprom.o
    0x08001ae8   0x000005b8   Code   RO          380    .text               gd32c10x_adc.o
    0x080020a0   0x00000674   Code   RO          440    .text               gd32c10x_dma.o
    0x08002714   0x00000330   Code   RO          520    .text               gd32c10x_gpio.o
    0x08002a44   0x0000012c   Code   RO          540    .text               gd32c10x_misc.o
    0x08002b70   0x000007cc   Code   RO          581    .text               gd32c10x_rcu.o
    0x0800333c   0x00000e5c   Code   RO          601    .text               gd32c10x_timer.o
    0x08004198   0x000004b2   Code   RO          621    .text               gd32c10x_usart.o
    0x0800464a   0x00000002   PAD
    0x0800464c   0x00000910   Code   RO          641    .text               usart.o
    0x08004f5c   0x00000094   Code   RO          671    .text               delay.o
    0x08004ff0   0x00000258   Code   RO          696    .text               iic.o
    0x08005248   0x00000192   Code   RO          719    .text               24cxx.o
    0x080053da   0x00000002   PAD
    0x080053dc   0x00000198   Code   RO          742    .text               gpio.o
    0x08005574   0x000000b4   Code   RO          762    .text               timer.o
    0x08005628   0x000000f8   Code   RO          792    .text               dma.o
    0x08005720   0x00000120   Code   RO          812    .text               nvic.o
    0x08005840   0x0000041c   Code   RO          836    .text               adc.o
    0x08005c5c   0x00000094   Code   RO         1017    .text               list.o
    0x08005cf0   0x0000101c   Code   RO         1040    .text               queue.o
    0x08006d0c   0x00002270   Code   RO         1101    .text               tasks.o
    0x08008f7c   0x0000065c   Code   RO         1135    .text               timers.o
    0x080095d8   0x0000035c   Code   RO         1174    .text               port.o
    0x08009934   0x00000320   Code   RO         1211    .text               heap_4.o
    0x08009c54   0x00000024   Code   RO         1235    .text               mc_w.l(memcpya.o)
    0x08009c78   0x00000024   Code   RO         1239    .text               mc_w.l(memseta.o)
    0x08009c9c   0x0000000e   Code   RO         1241    .text               mc_w.l(strlen.o)
    0x08009caa   0x00000012   Code   RO         1243    .text               mc_w.l(strcpy.o)
    0x08009cbc   0x0000014e   Code   RO         1508    .text               mf_w.l(dadd.o)
    0x08009e0a   0x000000e4   Code   RO         1510    .text               mf_w.l(dmul.o)
    0x08009eee   0x000000de   Code   RO         1512    .text               mf_w.l(ddiv.o)
    0x08009fcc   0x0000001a   Code   RO         1514    .text               mf_w.l(dfltui.o)
    0x08009fe6   0x00000032   Code   RO         1516    .text               mf_w.l(dfixui.o)
    0x0800a018   0x0000002c   Code   RO         1535    .text               mc_w.l(uidiv.o)
    0x0800a044   0x00000062   Code   RO         1537    .text               mc_w.l(uldiv.o)
    0x0800a0a6   0x0000001e   Code   RO         1539    .text               mc_w.l(llshl.o)
    0x0800a0c4   0x00000020   Code   RO         1541    .text               mc_w.l(llushr.o)
    0x0800a0e4   0x00000024   Code   RO         1543    .text               mc_w.l(llsshr.o)
    0x0800a108   0x00000000   Code   RO         1545    .text               mc_w.l(iusefp.o)
    0x0800a108   0x000000ba   Code   RO         1546    .text               mf_w.l(depilogue.o)
    0x0800a1c2   0x00000030   Code   RO         1548    .text               mf_w.l(dfixul.o)
    0x0800a1f2   0x00000002   PAD
    0x0800a1f4   0x00000030   Code   RO         1550    .text               mf_w.l(cdrcmple.o)
    0x0800a224   0x00000024   Code   RO         1552    .text               mc_w.l(init.o)
    0x0800a248   0x00000056   Code   RO         1562    .text               mc_w.l(__dczerorl2.o)
    0x0800a29e   0x00000002   PAD
    0x0800a2a0   0x00000020   Code   RO         1480    i.__0printf         mc_w.l(printfa.o)
    0x0800a2c0   0x00000028   Code   RO         1482    i.__0sprintf        mc_w.l(printfa.o)
    0x0800a2e8   0x0000000e   Code   RO         1556    i.__scatterload_copy  mc_w.l(handlers.o)
    0x0800a2f6   0x00000002   Code   RO         1557    i.__scatterload_null  mc_w.l(handlers.o)
    0x0800a2f8   0x0000000e   Code   RO         1558    i.__scatterload_zeroinit  mc_w.l(handlers.o)
    0x0800a306   0x00000002   PAD
    0x0800a308   0x00000184   Code   RO         1487    i._fp_digits        mc_w.l(printfa.o)
    0x0800a48c   0x000006b4   Code   RO         1488    i._printf_core      mc_w.l(printfa.o)
    0x0800ab40   0x00000024   Code   RO         1489    i._printf_post_padding  mc_w.l(printfa.o)
    0x0800ab64   0x0000002e   Code   RO         1490    i._printf_pre_padding  mc_w.l(printfa.o)
    0x0800ab92   0x0000000a   Code   RO         1492    i._sputc            mc_w.l(printfa.o)
    0x0800ab9c   0x00000800   Data   RO          294    .constdata          power.o
    0x0800b39c   0x00000009   Data   RO          349    .constdata          power_eeprom.o
    0x0800b3a5   0x00000003   PAD
    0x0800b3a8   0x00000020   Data   RO         1554    Region$$Table       anon$$obj.o


    Execution Region RW_IRAM1 (Base: 0x20000000, Size: 0x00007f20, Max: 0x00008000, ABSOLUTE, COMPRESSED[0x00000018])

    Base Addr    Size         Type   Attr      Idx    E Section Name        Object

    0x20000000   0x00000004   Data   RW            4    .data               system_gd32c10x.o
    0x20000004   0x0000002e   Data   RW          162    .data               main.o
    0x20000032   0x00000002   PAD
    0x20000034   0x0000004d   Data   RW          295    .data               power.o
    0x20000081   0x00000001   Data   RW          350    .data               power_eeprom.o
    0x20000082   0x00000010   Data   RW          643    .data               usart.o
    0x20000092   0x00000001   Data   RW          672    .data               delay.o
    0x20000093   0x00000005   PAD
    0x20000098   0x00000008   Data   RW          763    .data               timer.o
    0x200000a0   0x00000004   Data   RW          838    .data               adc.o
    0x200000a4   0x00000048   Data   RW         1103    .data               tasks.o
    0x200000ec   0x00000014   Data   RW         1137    .data               timers.o
    0x20000100   0x0000000c   Data   RW         1175    .data               port.o
    0x2000010c   0x0000001c   Data   RW         1213    .data               heap_4.o
    0x20000128   0x00000004   Data   RW         1534    .data               mc_w.l(stdout.o)
    0x2000012c   0x00000850   Zero   RW          161    .bss                main.o
    0x2000097c   0x00000023   Zero   RW          293    .bss                power.o
    0x2000099f   0x00000001   PAD
    0x200009a0   0x00000012   Zero   RW          348    .bss                power_eeprom.o
    0x200009b2   0x00000dac   Zero   RW          642    .bss                usart.o
    0x2000175e   0x00000002   PAD
    0x20001760   0x00000888   Zero   RW          837    .bss                adc.o
    0x20001fe8   0x00000040   Zero   RW         1041    .bss                queue.o
    0x20002028   0x000002d0   Zero   RW         1102    .bss                tasks.o
    0x200022f8   0x00000028   Zero   RW         1136    .bss                timers.o
    0x20002320   0x00003c00   Zero   RW         1212    .bss                heap_4.o
    0x20005f20   0x00002000   Zero   RW          118    STACK               startup_gd32c10x.o


==============================================================================

Image component sizes


      Code (inc. data)   RO Data    RW Data    ZI Data      Debug   Object Name

       402          0          0          0          0       2530   24cxx.o
      1052         80          0          4       2184       3568   adc.o
       148         12          0          1          0       1331   delay.o
       248         20          0          0          0        695   dma.o
         0          0          0          0          0      14752   event_groups.o
      1464         22          0          0          0       9894   gd32c10x_adc.o
      1652          4          0          0          0       9148   gd32c10x_dma.o
       816         12          0          0          0       5156   gd32c10x_gpio.o
        16          0          0          0          0        881   gd32c10x_it.o
       300         20          0          0          0       1961   gd32c10x_misc.o
      1996         82          0          0          0       9502   gd32c10x_rcu.o
      3676         42          0          0          0      18935   gd32c10x_timer.o
      1202         14          0          0          0      11297   gd32c10x_usart.o
       408         12          0          0          0        879   gpio.o
       800         30          0         28      15360       5239   heap_4.o
       600          4          0          0          0       2080   iic.o
       148          0          0          0          0       2106   list.o
      1836        128          0         46       2128      30087   main.o
       288         26          0          0          0       1457   nvic.o
      1050         54          0         12          0       9267   port.o
      3108        616       2048         77         35      13515   power.o
       560         16          9          1         18       4377   power_eeprom.o
      4124         18          0          0         64      22728   queue.o
        36          8        336          0       8192        904   startup_gd32c10x.o
       780         58          0          4          0      65541   system_gd32c10x.o
      8816        484          0         72        720      38684   tasks.o
       180          8          0          8          0       1654   timer.o
      1628         72          0         20         40      25171   timers.o
      2320        160          0         16       3500      11002   usart.o

    ----------------------------------------------------------------------
     39660       2002       2428        296      32244     324341   Object Totals
         0          0         32          0          0          0   (incl. Generated)
         6          0          3          7          3          0   (incl. Padding)

    ----------------------------------------------------------------------

      Code (inc. data)   RO Data    RW Data    ZI Data      Debug   Library Member Name

        86          0          0          0          0          0   __dczerorl2.o
         0          0          0          0          0          0   entry.o
         0          0          0          0          0          0   entry10a.o
         0          0          0          0          0          0   entry11a.o
         4          0          0          0          0          0   entry12b.o
         8          4          0          0          0          0   entry2.o
         4          0          0          0          0          0   entry5.o
         0          0          0          0          0          0   entry7b.o
         0          0          0          0          0          0   entry8b.o
         8          4          0          0          0          0   entry9a.o
        30          0          0          0          0          0   handlers.o
        36          8          0          0          0         68   init.o
         0          0          0          0          0          0   iusefp.o
        30          0          0          0          0         68   llshl.o
        36          0          0          0          0         68   llsshr.o
        32          0          0          0          0         68   llushr.o
        36          0          0          0          0         68   memcpya.o
        36          0          0          0          0        108   memseta.o
      2268         96          0          0          0        616   printfa.o
         0          0          0          4          0          0   stdout.o
        18          0          0          0          0         68   strcpy.o
        14          0          0          0          0         68   strlen.o
        44          0          0          0          0         80   uidiv.o
        98          0          0          0          0         92   uldiv.o
        48          0          0          0          0         68   cdrcmple.o
       334          0          0          0          0        148   dadd.o
       222          0          0          0          0        100   ddiv.o
       186          0          0          0          0        176   depilogue.o
        50          0          0          0          0         76   dfixui.o
        48          0          0          0          0         68   dfixul.o
        26          0          0          0          0         76   dfltui.o
       228          0          0          0          0         96   dmul.o

    ----------------------------------------------------------------------
      3936        112          0          4          0       2180   Library Totals
         6          0          0          0          0          0   (incl. Padding)

    ----------------------------------------------------------------------

      Code (inc. data)   RO Data    RW Data    ZI Data      Debug   Library Name

      2788        112          0          4          0       1372   mc_w.l
      1142          0          0          0          0        808   mf_w.l

    ----------------------------------------------------------------------
      3936        112          0          4          0       2180   Library Totals

    ----------------------------------------------------------------------

==============================================================================


      Code (inc. data)   RO Data    RW Data    ZI Data      Debug   

     43596       2114       2428        300      32244     319061   Grand Totals
     43596       2114       2428         24      32244     319061   ELF Image Totals (compressed)
     43596       2114       2428         24          0          0   ROM Totals

==============================================================================

    Total RO  Size (Code + RO Data)                46024 (  44.95kB)
    Total RW  Size (RW Data + ZI Data)             32544 (  31.78kB)
    Total ROM Size (Code + RO Data + RW Data)      46048 (  44.97kB)

==============================================================================

